Component: Arm Compiler for Embedded 6.24 Tool: armlink [5f371500]

==============================================================================

Section Cross References

    startup_stm32f411xe.o(RESET) refers to startup_stm32f411xe.o(STACK) for __initial_sp
    startup_stm32f411xe.o(RESET) refers to startup_stm32f411xe.o(.text) for Reset_Handler
    startup_stm32f411xe.o(RESET) refers to stm32f4xx_it.o(.text.NMI_Handler) for NMI_Handler
    startup_stm32f411xe.o(RESET) refers to stm32f4xx_it.o(.text.HardFault_Handler) for HardFault_Handler
    startup_stm32f411xe.o(RESET) refers to stm32f4xx_it.o(.text.MemManage_Handler) for MemManage_Handler
    startup_stm32f411xe.o(RESET) refers to stm32f4xx_it.o(.text.BusFault_Handler) for BusFault_Handler
    startup_stm32f411xe.o(RESET) refers to stm32f4xx_it.o(.text.UsageFault_Handler) for UsageFault_Handler
    startup_stm32f411xe.o(RESET) refers to stm32f4xx_it.o(.text.SVC_Handler) for SVC_Handler
    startup_stm32f411xe.o(RESET) refers to stm32f4xx_it.o(.text.DebugMon_Handler) for DebugMon_Handler
    startup_stm32f411xe.o(RESET) refers to stm32f4xx_it.o(.text.PendSV_Handler) for PendSV_Handler
    startup_stm32f411xe.o(RESET) refers to stm32f4xx_it.o(.text.SysTick_Handler) for SysTick_Handler
    startup_stm32f411xe.o(.text) refers to system_stm32f4xx.o(.text.SystemInit) for SystemInit
    startup_stm32f411xe.o(.text) refers to entry.o(.ARM.Collect$$$$00000000) for __main
    main.o(.text.main) refers to stm32f4xx_hal.o(.text.HAL_Init) for HAL_Init
    main.o(.text.main) refers to main.o(.text.SystemClock_Config) for SystemClock_Config
    main.o(.text.main) refers to stm32f4xx_hal_gpio.o(.text.HAL_GPIO_WritePin) for HAL_GPIO_WritePin
    main.o(.text.main) refers to stm32f4xx_hal_gpio.o(.text.HAL_GPIO_Init) for HAL_GPIO_Init
    main.o(.text.main) refers to main.o(.bss.hi2c1) for hi2c1
    main.o(.text.main) refers to stm32f4xx_hal_i2c.o(.text.HAL_I2C_Init) for HAL_I2C_Init
    main.o(.text.main) refers to main.o(.bss.hi2c2) for hi2c2
    main.o(.text.main) refers to main.o(.bss.htim1) for htim1
    main.o(.text.main) refers to stm32f4xx_hal_tim.o(.text.HAL_TIM_Base_Init) for HAL_TIM_Base_Init
    main.o(.text.main) refers to stm32f4xx_hal_tim.o(.text.HAL_TIM_ConfigClockSource) for HAL_TIM_ConfigClockSource
    main.o(.text.main) refers to stm32f4xx_hal_tim.o(.text.HAL_TIM_PWM_Init) for HAL_TIM_PWM_Init
    main.o(.text.main) refers to stm32f4xx_hal_tim_ex.o(.text.HAL_TIMEx_MasterConfigSynchronization) for HAL_TIMEx_MasterConfigSynchronization
    main.o(.text.main) refers to stm32f4xx_hal_tim.o(.text.HAL_TIM_PWM_ConfigChannel) for HAL_TIM_PWM_ConfigChannel
    main.o(.text.main) refers to stm32f4xx_hal_tim_ex.o(.text.HAL_TIMEx_ConfigBreakDeadTime) for HAL_TIMEx_ConfigBreakDeadTime
    main.o(.text.main) refers to stm32f4xx_hal_msp.o(.text.HAL_TIM_MspPostInit) for HAL_TIM_MspPostInit
    main.o(.text.main) refers to main.o(.bss.htim2) for htim2
    main.o(.text.main) refers to stm32f4xx_hal_tim.o(.text.HAL_TIM_Encoder_Init) for HAL_TIM_Encoder_Init
    main.o(.text.main) refers to main.o(.bss.htim3) for htim3
    main.o(.text.main) refers to main.o(.bss..L_MergedGlobals) for .L_MergedGlobals
    main.o(.text.main) refers to stm32f4xx_hal_uart.o(.text.HAL_UART_Init) for HAL_UART_Init
    main.o(.text.main) refers to main.o(.bss.htim5) for htim5
    main.o(.text.main) refers to bt_debug.o(.text.BT_Init_Rx) for BT_Init_Rx
    main.o(.text.main) refers to encoder.o(.text.Encoder_Init) for Encoder_Init
    main.o(.text.main) refers to tb6612fng.o(.text.TB6612_Init) for TB6612_Init
    main.o(.text.main) refers to main.o(.rodata.str1.1) for .Lstr
    main.o(.text.main) refers to puts.o(i.puts) for puts
    main.o(.text.main) refers to vl53l0x.o(.text.VL53L0X_Init_All) for VL53L0X_Init_All
    main.o(.text.main) refers to mpu6500.o(.text.MPU6500_Init) for MPU6500_Init
    main.o(.text.main) refers to sensor_fusion.o(.text.SensorFusion_Init) for SensorFusion_Init
    main.o(.text.main) refers to motion_controller.o(.text.Motion_Init) for Motion_Init
    main.o(.text.main) refers to maze_solver.o(.text.Maze_Init) for Maze_Init
    main.o(.text.main) refers to stm32f4xx_hal.o(.text.HAL_GetTick) for HAL_GetTick
    main.o(.text.main) refers to sensor_fusion.o(.text.SensorFusion_Update) for SensorFusion_Update
    main.o(.text.main) refers to motion_controller.o(.text.Motion_Update) for Motion_Update
    main.o(.text.main) refers to main.o(.text.Process_FSM) for Process_FSM
    main.o(.text.main) refers to encoder.o(.text.Encoder_GetDistanceMM) for Encoder_GetDistanceMM
    main.o(.text.main) refers to vl53l0x.o(.text.VL53L0X_Read_All) for VL53L0X_Read_All
    main.o(.text.main) refers to mpu6500.o(.text.MPU6500_Read_GyroZ) for MPU6500_Read_GyroZ
    main.o(.text.main) refers to mpu6500.o(.text.MPU6500_GetData) for MPU6500_GetData
    main.o(.ARM.exidx.text.main) refers to main.o(.text.main) for [Anonymous Symbol]
[...]
    Removing stm32f4xx_hal_uart.o(.text.HAL_LIN_SendBreak), (114 bytes).
    Removing stm32f4xx_hal_uart.o(.ARM.exidx.text.HAL_LIN_SendBreak), (8 bytes).
    Removing stm32f4xx_hal_uart.o(.text.HAL_MultiProcessor_EnterMuteMode), (116 bytes).
    Removing stm32f4xx_hal_uart.o(.ARM.exidx.text.HAL_MultiProcessor_EnterMuteMode), (8 bytes).
    Removing stm32f4xx_hal_uart.o(.text.HAL_MultiProcessor_ExitMuteMode), (116 bytes).
    Removing stm32f4xx_hal_uart.o(.ARM.exidx.text.HAL_MultiProcessor_ExitMuteMode), (8 bytes).
    Removing stm32f4xx_hal_uart.o(.text.HAL_HalfDuplex_EnableTransmitter), (44 bytes).
    Removing stm32f4xx_hal_uart.o(.ARM.exidx.text.HAL_HalfDuplex_EnableTransmitter), (8 bytes).
    Removing stm32f4xx_hal_uart.o(.text.HAL_HalfDuplex_EnableReceiver), (46 bytes).
    Removing stm32f4xx_hal_uart.o(.ARM.exidx.text.HAL_HalfDuplex_EnableReceiver), (8 bytes).
    Removing stm32f4xx_hal_uart.o(.text.HAL_UART_GetState), (14 bytes).
    Removing stm32f4xx_hal_uart.o(.ARM.exidx.text.HAL_UART_GetState), (8 bytes).
    Removing stm32f4xx_hal_uart.o(.text.HAL_UART_GetError), (4 bytes).
    Removing stm32f4xx_hal_uart.o(.ARM.exidx.text.HAL_UART_GetError), (8 bytes).
    Removing stm32f4xx_hal_uart.o(.text.UART_DMAReceiveCplt), (350 bytes).
    Removing stm32f4xx_hal_uart.o(.ARM.exidx.text.UART_DMAReceiveCplt), (8 bytes).
    Removing stm32f4xx_hal_uart.o(.text.UART_DMARxHalfCplt), (24 bytes).
    Removing stm32f4xx_hal_uart.o(.ARM.exidx.text.UART_DMARxHalfCplt), (8 bytes).
    Removing system_stm32f4xx.o(.text), (0 bytes).
    Removing system_stm32f4xx.o(.ARM.exidx.text.SystemInit), (8 bytes).
    Removing system_stm32f4xx.o(.text.SystemCoreClockUpdate), (134 bytes).
    Removing system_stm32f4xx.o(.ARM.exidx.text.SystemCoreClockUpdate), (8 bytes).
    Removing tb6612fng.o(.text), (0 bytes).
    Removing tb6612fng.o(.ARM.exidx.text.TB6612_Init), (8 bytes).
    Removing tb6612fng.o(.text.TB6612_Stop), (82 bytes).
    Removing tb6612fng.o(.ARM.exidx.text.TB6612_Stop), (8 bytes).
    Removing tb6612fng.o(.ARM.exidx.text.TB6612_SetSpeed), (8 bytes).
    Removing encoder.o(.text), (0 bytes).
    Removing encoder.o(.ARM.exidx.text.Encoder_Init), (8 bytes).
    Removing encoder.o(.ARM.exidx.text.Encoder_Reset), (8 bytes).
    Removing encoder.o(.text.Encoder_GetCounters), (60 bytes).
    Removing encoder.o(.ARM.exidx.text.Encoder_GetCounters), (8 bytes).
    Removing encoder.o(.ARM.exidx.text.Encoder_GetDistanceMM), (8 bytes).
    Removing bt_debug.o(.text), (0 bytes).
    Removing bt_debug.o(.text.BT_Init), (12 bytes).
    Removing bt_debug.o(.ARM.exidx.text.BT_Init), (8 bytes).
    Removing bt_debug.o(.ARM.exidx.text.BT_Init_Rx), (8 bytes).
    Removing bt_debug.o(.ARM.exidx.text.fputc), (8 bytes).
    Removing bt_debug.o(.text.HAL_UART_RxCpltCallback), (102 bytes).
    Removing bt_debug.o(.ARM.exidx.text.HAL_UART_RxCpltCallback), (8 bytes).
    Removing bt_debug.o(.text.BT_ParseCommand), (240 bytes).
    Removing bt_debug.o(.ARM.exidx.text.BT_ParseCommand), (8 bytes).
    Removing bt_debug.o(.data..L_MergedGlobals), (12 bytes).
    Removing vl53l0x.o(.text), (0 bytes).
    Removing vl53l0x.o(.ARM.exidx.text.VL53L0X_Init_All), (8 bytes).
    Removing vl53l0x.o(.ARM.exidx.text.VL53L0X_Read_All), (8 bytes).
    Removing mpu6500.o(.text), (0 bytes).
    Removing mpu6500.o(.ARM.exidx.text.MPU6500_Init), (8 bytes).
    Removing mpu6500.o(.text.MPU6500_Calibrate), (132 bytes).
    Removing mpu6500.o(.ARM.exidx.text.MPU6500_Calibrate), (8 bytes).
    Removing mpu6500.o(.ARM.exidx.text.MPU6500_Read_GyroZ), (8 bytes).
    Removing mpu6500.o(.ARM.exidx.text.MPU6500_GetData), (8 bytes).
    Removing mpu6500.o(.ARM.exidx.text.MPU6500_ResetYaw), (8 bytes).
    Removing sensor_fusion.o(.text), (0 bytes).
    Removing sensor_fusion.o(.ARM.exidx.text.SensorFusion_Init), (8 bytes).
    Removing sensor_fusion.o(.ARM.exidx.text.SensorFusion_ResetEncoders), (8 bytes).
    Removing sensor_fusion.o(.ARM.exidx.text.SensorFusion_Update), (8 bytes).
    Removing sensor_fusion.o(.ARM.exidx.text.SensorFusion_GetData), (8 bytes).
    Removing sensor_fusion.o(.ARM.exidx.text.SensorFusion_ResetAngle), (8 bytes).
    Removing motion_controller.o(.text), (0 bytes).
    Removing motion_controller.o(.ARM.exidx.text.Motion_Init), (8 bytes).
    Removing motion_controller.o(.ARM.exidx.text.Motion_Stop), (8 bytes).
    Removing motion_controller.o(.ARM.exidx.text.Motion_MoveForward), (8 bytes).
    Removing motion_controller.o(.ARM.exidx.text.Motion_Rotate), (8 bytes).
    Removing motion_controller.o(.ARM.exidx.text.Motion_IsFinished), (8 bytes).
    Removing motion_controller.o(.ARM.exidx.text.Motion_Update), (8 bytes).
    Removing pid.o(.text), (0 bytes).
    Removing pid.o(.ARM.exidx.text.PID_Init), (8 bytes).
    Removing pid.o(.ARM.exidx.text.PID_Reset), (8 bytes).
    Removing pid.o(.ARM.exidx.text.PID_Compute), (8 bytes).
    Removing flash.o(.text), (0 bytes).
    Removing flash.o(.text.Flash_EraseMazeSector), (44 bytes).
    Removing flash.o(.ARM.exidx.text.Flash_EraseMazeSector), (8 bytes).
    Removing flash.o(.ARM.exidx.text.Flash_SaveData), (8 bytes).
    Removing flash.o(.ARM.exidx.text.Flash_ReadData), (8 bytes).
    Removing maze_solver.o(.text), (0 bytes).
    Removing maze_solver.o(.ARM.exidx.text.Maze_Init), (8 bytes).
    Removing maze_solver.o(.ARM.exidx.text.Maze_ComputeFloodfill), (8 bytes).
    Removing maze_solver.o(.ARM.exidx.text.Maze_UpdateWalls), (8 bytes).
    Removing maze_solver.o(.ARM.exidx.text.Maze_GetNextAction), (8 bytes).
    Removing maze_solver.o(.ARM.exidx.text.Maze_UpdatePosition), (8 bytes).
    Removing maze_solver.o(.ARM.exidx.text.Maze_IsGoalReached), (8 bytes).
    Removing maze_solver.o(.ARM.exidx.text.Maze_SaveToFlash), (8 bytes).
    Removing maze_solver.o(.ARM.exidx.text.Maze_LoadFromFlash), (8 bytes).
    Removing f2d.o(.text), (38 bytes).
    Removing dadd.o(.text), (334 bytes).
    Removing dfixul.o(.text), (48 bytes).
    Removing cdrcmple.o(.text), (48 bytes).

932 unused section(s) (total 56426 bytes) removed from the image.

==============================================================================

Image Symbol Table

    Local Symbols

    Symbol Name                              Value     Ov Type        Size  Object(Section)

    ../clib/division.s                       0x00000000   Number         0  aeabi_sdiv.o ABSOLUTE
    ../clib/microlib/ctype/ctype.c           0x00000000   Number         0  isspace_c.o ABSOLUTE
    ../clib/microlib/ctype/ctype.c           0x00000000   Number         0  ctype_c.o ABSOLUTE
    ../clib/microlib/division.c              0x00000000   Number         0  uldiv.o ABSOLUTE
    ../clib/microlib/division.c              0x00000000   Number         0  uidiv.o ABSOLUTE
    ../clib/microlib/init/entry.s            0x00000000   Number         0  entry.o ABSOLUTE
    ../clib/microlib/init/entry.s            0x00000000   Number         0  entry2.o ABSOLUTE
    ../clib/microlib/init/entry.s            0x00000000   Number         0  entry5.o ABSOLUTE
    ../clib/microlib/init/entry.s            0x00000000   Number         0  entry7a.o ABSOLUTE
    ../clib/microlib/init/entry.s            0x00000000   Number         0  entry7b.o ABSOLUTE
    ../clib/microlib/init/entry.s            0x00000000   Number         0  entry8a.o ABSOLUTE
    ../clib/microlib/init/entry.s            0x00000000   Number         0  entry8b.o ABSOLUTE
    ../clib/microlib/init/entry.s            0x00000000   Number         0  entry9a.o ABSOLUTE
    ../clib/microlib/init/entry.s            0x00000000   Number         0  entry9b.o ABSOLUTE
    ../clib/microlib/init/entry.s            0x00000000   Number         0  entry10a.o ABSOLUTE
    ../clib/microlib/init/entry.s            0x00000000   Number         0  entry10b.o ABSOLUTE
    ../clib/microlib/init/entry.s            0x00000000   Number         0  entry11a.o ABSOLUTE
    ../clib/microlib/init/entry.s            0x00000000   Number         0  entry11b.o ABSOLUTE
    ../clib/microlib/longlong.c              0x00000000   Number         0  llshl.o ABSOLUTE
    ../clib/microlib/longlong.c              0x00000000   Number         0  llushr.o ABSOLUTE
    ../clib/microlib/longlong.c              0x00000000   Number         0  llsshr.o ABSOLUTE
    ../clib/microlib/printf/printf.c         0x00000000   Number         0  printfb.o ABSOLUTE
    ../clib/microlib/printf/printf.c         0x00000000   Number         0  printf0.o ABSOLUTE
    ../clib/microlib/printf/printf.c         0x00000000   Number         0  printf1.o ABSOLUTE
    ../clib/microlib/printf/printf.c         0x00000000   Number         0  printf2.o ABSOLUTE
    ../clib/microlib/printf/printf.c         0x00000000   Number         0  printf3.o ABSOLUTE
    ../clib/microlib/printf/printf.c         0x00000000   Number         0  printf4.o ABSOLUTE
    ../clib/microlib/printf/printf.c         0x00000000   Number         0  printf5.o ABSOLUTE
    ../clib/microlib/printf/printf.c         0x00000000   Number         0  printf6.o ABSOLUTE
    ../clib/microlib/printf/printf.c         0x00000000   Number         0  printf7.o ABSOLUTE
    ../clib/microlib/printf/printf.c         0x00000000   Number         0  printf8.o ABSOLUTE
    ../clib/microlib/printf/printf.c         0x00000000   Number         0  printfa.o ABSOLUTE
    ../clib/microlib/printf/stubs.s          0x00000000   Number         0  printfstubs.o ABSOLUTE
    ../clib/microlib/stdio/puts.c            0x00000000   Number         0  puts.o ABSOLUTE
    ../clib/microlib/stdio/puts.c            0x00000000   Number         0  puts_e.o ABSOLUTE
    ../clib/microlib/stdio/streams.c         0x00000000   Number         0  stdout.o ABSOLUTE
    ../clib/microlib/string/memcpy.c         0x00000000   Number         0  memcpya.o ABSOLUTE
    ../clib/microlib/string/memcpy.c         0x00000000   Number         0  memcpyb.o ABSOLUTE
    ../clib/microlib/string/memset.c         0x00000000   Number         0  memseta.o ABSOLUTE
    ../clib/microlib/stubs.s                 0x00000000   Number         0  iusefp.o ABSOLUTE
    ../clib/scanf.c                          0x00000000   Number         0  __0sscanf.o ABSOLUTE
    ../clib/scanf.c                          0x00000000   Number         0  scanf_fp.o ABSOLUTE
    ../clib/scanf.c                          0x00000000   Number         0  scanf_char.o ABSOLUTE
    ../clib/scanf.c                          0x00000000   Number         0  _sgetc.o ABSOLUTE
    ../clib/scanf.c                          0x00000000   Number         0  _scanf.o ABSOLUTE
    ../fplib/microlib/d2f.c                  0x00000000   Number         0  d2f.o ABSOLUTE
    ../fplib/microlib/f2d.c                  0x00000000   Number         0  f2d.o ABSOLUTE
    ../fplib/microlib/fpadd.c                0x00000000   Number         0  dadd.o ABSOLUTE
    ../fplib/microlib/fpdiv.c                0x00000000   Number         0  ddiv.o ABSOLUTE
    ../fplib/microlib/fpepilogue.c           0x00000000   Number         0  fepilogue.o ABSOLUTE
    ../fplib/microlib/fpepilogue.c           0x00000000   Number         0  depilogue.o ABSOLUTE
    ../fplib/microlib/fpfix.c                0x00000000   Number         0  dfixul.o ABSOLUTE
    ../fplib/microlib/fpflt.c                0x00000000   Number         0  dfltul.o ABSOLUTE
    ../fplib/microlib/fpmul.c                0x00000000   Number         0  dmul.o ABSOLUTE
    bt_debug.c                               0x00000000   Number         0  bt_debug.o ABSOLUTE
    cdrcmple.s                               0x00000000   Number         0  cdrcmple.o ABSOLUTE
    dc.s                                     0x00000000   Number         0  dc.o ABSOLUTE
    encoder.c                                0x00000000   Number         0  encoder.o ABSOLUTE
    flash.c                                  0x00000000   Number         0  flash.o ABSOLUTE
    handlers.s                               0x00000000   Number         0  handlers.o ABSOLUTE
    init.s                                   0x00000000   Number         0  init.o ABSOLUTE
    main.c                                   0x00000000   Number         0  main.o ABSOLUTE
    maze_solver.c                            0x00000000   Number         0  maze_solver.o ABSOLUTE
    motion_controller.c                      0x00000000   Number         0  motion_controller.o ABSOLUTE
    mpu6500.c                                0x00000000   Number         0  mpu6500.o ABSOLUTE
    pid.c                                    0x00000000   Number         0  pid.o ABSOLUTE
    sensor_fusion.c                          0x00000000   Number         0  sensor_fusion.o ABSOLUTE
    startup_stm32f411xe.s                    0x00000000   Number         0  startup_stm32f411xe.o ABSOLUTE
    stm32f4xx_hal.c                          0x00000000   Number         0  stm32f4xx_hal.o ABSOLUTE
    stm32f4xx_hal_cortex.c                   0x00000000   Number         0  stm32f4xx_hal_cortex.o ABSOLUTE
    stm32f4xx_hal_dma.c                      0x00000000   Number         0  stm32f4xx_hal_dma.o ABSOLUTE
    stm32f4xx_hal_dma_ex.c                   0x00000000   Number         0  stm32f4xx_hal_dma_ex.o ABSOLUTE
    stm32f4xx_hal_exti.c                     0x00000000   Number         0  stm32f4xx_hal_exti.o ABSOLUTE
    stm32f4xx_hal_flash.c                    0x00000000   Number         0  stm32f4xx_hal_flash.o ABSOLUTE
    stm32f4xx_hal_flash_ex.c                 0x00000000   Number         0  stm32f4xx_hal_flash_ex.o ABSOLUTE
    stm32f4xx_hal_flash_ramfunc.c            0x00000000   Number         0  stm32f4xx_hal_flash_ramfunc.o ABSOLUTE
    stm32f4xx_hal_gpio.c                     0x00000000   Number         0  stm32f4xx_hal_gpio.o ABSOLUTE
    stm32f4xx_hal_i2c.c                      0x00000000   Number         0  stm32f4xx_hal_i2c.o ABSOLUTE
    stm32f4xx_hal_i2c_ex.c                   0x00000000   Number         0  stm32f4xx_hal_i2c_ex.o ABSOLUTE
    stm32f4xx_hal_msp.c                      0x00000000   Number         0  stm32f4xx_hal_msp.o ABSOLUTE
    stm32f4xx_hal_pwr.c                      0x00000000   Number         0  stm32f4xx_hal_pwr.o ABSOLUTE
    stm32f4xx_hal_pwr_ex.c                   0x00000000   Number         0  stm32f4xx_hal_pwr_ex.o ABSOLUTE
    stm32f4xx_hal_rcc.c                      0x00000000   Number         0  stm32f4xx_hal_rcc.o ABSOLUTE
    stm32f4xx_hal_rcc_ex.c                   0x00000000   Number         0  stm32f4xx_hal_rcc_ex.o ABSOLUTE
    stm32f4xx_hal_tim.c                      0x00000000   Number         0  stm32f4xx_hal_tim.o ABSOLUTE
    stm32f4xx_hal_tim_ex.c                   0x00000000   Number         0  stm32f4xx_hal_tim_ex.o ABSOLUTE
    stm32f4xx_hal_uart.c                     0x00000000   Number         0  stm32f4xx_hal_uart.o ABSOLUTE
    stm32f4xx_it.c                           0x00000000   Number         0  stm32f4xx_it.o ABSOLUTE
    system_stm32f4xx.c                       0x00000000   Number         0  system_stm32f4xx.o ABSOLUTE
    tb6612fng.c                              0x00000000   Number         0  tb6612fng.o ABSOLUTE
    vl53l0x.c                                0x00000000   Number         0  vl53l0x.o ABSOLUTE
    RESET                                    0x08000000   Section      408  startup_stm32f411xe.o(RESET)
    .ARM.Collect$$$$00000000                 0x08000198   Section        0  entry.o(.ARM.Collect$$$$00000000)
    .ARM.Collect$$$$00000001                 0x08000198   Section        4  entry2.o(.ARM.Collect$$$$00000001)
    .ARM.Collect$$$$00000004                 0x0800019c   Section        4  entry5.o(.ARM.Collect$$$$00000004)
    .ARM.Collect$$$$00000008                 0x080001a0   Section        0  entry7b.o(.ARM.Collect$$$$00000008)
    .ARM.Collect$$$$0000000A                 0x080001a0   Section        0  entry8b.o(.ARM.Collect$$$$0000000A)
    .ARM.Collect$$$$0000000B                 0x080001a0   Section        8  entry9a.o(.ARM.Collect$$$$0000000B)
    __lit__00000000                          0x080001a8   Data           4  entry2.o(.ARM.Collect$$$$00002712)
    .ARM.Collect$$$$0000000D                 0x080001a8   Section        0  entry10a.o(.ARM.Collect$$$$0000000D)
    .ARM.Collect$$$$0000000F                 0x080001a8   Section        0  entry11a.o(.ARM.Collect$$$$0000000F)
    .ARM.Collect$$$$00002712                 0x080001a8   Section        4  entry2.o(.ARM.Collect$$$$00002712)
    $v0                                      0x080001ac   Number         0  startup_stm32f411xe.o(.text)
    .text                                    0x080001ac   Section       36  startup_stm32f411xe.o(.text)
    .text                                    0x080001d0   Section        0  uldiv.o(.text)
    .text                                    0x08000232   Section        0  memcpya.o(.text)
    .text                                    0x08000256   Section        0  memseta.o(.text)
    _fp_value                                0x0800027d   Thumb Code   296  scanf_fp.o(.text)
    .text                                    0x0800027c   Section        0  scanf_fp.o(.text)
    .text                                    0x080005dc   Section        0  llshl.o(.text)
    .text                                    0x080005fa   Section        0  llushr.o(.text)
    .text                                    0x0800061a   Section        0  iusefp.o(.text)
    .text                                    0x0800061a   Section        0  dmul.o(.text)
    .text                                    0x080006fe   Section        0  ddiv.o(.text)
    .text                                    0x080007dc   Section        0  dfltul.o(.text)
    .text                                    0x080007f4   Section        0  d2f.o(.text)
    .text                                    0x0800082c   Section       48  init.o(.text)
    .text                                    0x0800085c   Section        0  fepilogue.o(.text)
    .text                                    0x080008ca   Section        0  depilogue.o(.text)
    [Anonymous Symbol]                       0x08000984   Section        0  bt_debug.o(.text.BT_Init_Rx)
    [Anonymous Symbol]                       0x08000994   Section        0  stm32f4xx_it.o(.text.BusFault_Handler)
    [Anonymous Symbol]                       0x08000998   Section        0  stm32f4xx_it.o(.text.DebugMon_Handler)
    [Anonymous Symbol]                       0x0800099c   Section        0  encoder.o(.text.Encoder_GetDistanceMM)
    [Anonymous Symbol]                       0x080009fc   Section        0  encoder.o(.text.Encoder_Init)
    [Anonymous Symbol]                       0x08000a30   Section        0  encoder.o(.text.Encoder_Reset)
    [Anonymous Symbol]                       0x08000a50   Section        0  stm32f4xx_hal_flash.o(.text.FLASH_WaitForLastOperation)
    [Anonymous Symbol]                       0x08000b64   Section        0  flash.o(.text.Flash_ReadData)
    [Anonymous Symbol]                       0x08000bf4   Section        0  flash.o(.text.Flash_SaveData)
    [Anonymous Symbol]                       0x08000c64   Section        0  stm32f4xx_hal.o(.text.HAL_Delay)
    [Anonymous Symbol]                       0x08000c8c   Section        0  stm32f4xx_hal_flash_ex.o(.text.HAL_FLASHEx_Erase)
    [Anonymous Symbol]                       0x08000e18   Section        0  stm32f4xx_hal_flash.o(.text.HAL_FLASH_Lock)
    [Anonymous Symbol]                       0x08000e2c   Section        0  stm32f4xx_hal_flash.o(.text.HAL_FLASH_Program)
    [Anonymous Symbol]                       0x08000f08   Section        0  stm32f4xx_hal_flash.o(.text.HAL_FLASH_Unlock)
    [Anonymous Symbol]                       0x08000f38   Section        0  stm32f4xx_hal_gpio.o(.text.HAL_GPIO_Init)
    [Anonymous Symbol]                       0x080010d8   Section        0  stm32f4xx_hal_gpio.o(.text.HAL_GPIO_ReadPin)
    [Anonymous Symbol]                       0x080010e4   Section        0  stm32f4xx_hal_gpio.o(.text.HAL_GPIO_WritePin)
    [Anonymous Symbol]                       0x080010f0   Section        0  stm32f4xx_hal.o(.text.HAL_GetTick)
    [Anonymous Symbol]                       0x080010fc   Section        0  stm32f4xx_hal_i2c.o(.text.HAL_I2C_Init)
    [Anonymous Symbol]                       0x08001260   Section        0  stm32f4xx_hal_i2c.o(.text.HAL_I2C_Master_Receive)
    [Anonymous Symbol]                       0x0800157c   Section        0  stm32f4xx_hal_i2c.o(.text.HAL_I2C_Master_Transmit)
    [Anonymous Symbol]                       0x08001758   Section        0  stm32f4xx_hal_i2c.o(.text.HAL_I2C_Mem_Read)
    [Anonymous Symbol]                       0x080019b0   Section        0  stm32f4xx_hal_i2c.o(.text.HAL_I2C_Mem_Write)
    [Anonymous Symbol]                       0x08001b0c   Section        0  stm32f4xx_hal_msp.o(.text.HAL_I2C_MspInit)
    [Anonymous Symbol]                       0x08001c00   Section        0  stm32f4xx_hal.o(.text.HAL_IncTick)
    [Anonymous Symbol]                       0x08001c1c   Section        0  stm32f4xx_hal.o(.text.HAL_Init)
    [Anonymous Symbol]                       0x08001c54   Section        0  stm32f4xx_hal.o(.text.HAL_InitTick)
    [Anonymous Symbol]                       0x08001c9c   Section        0  stm32f4xx_hal_msp.o(.text.HAL_MspInit)
    [Anonymous Symbol]                       0x08001cd4   Section        0  stm32f4xx_hal_cortex.o(.text.HAL_NVIC_EnableIRQ)
    [Anonymous Symbol]                       0x08001cf8   Section        0  stm32f4xx_hal_cortex.o(.text.HAL_NVIC_SetPriority)
    [Anonymous Symbol]                       0x08001d50   Section        0  stm32f4xx_hal_cortex.o(.text.HAL_NVIC_SetPriorityGrouping)
    [Anonymous Symbol]                       0x08001d70   Section        0  stm32f4xx_hal_rcc.o(.text.HAL_RCC_ClockConfig)
    [Anonymous Symbol]                       0x08001ed4   Section        0  stm32f4xx_hal_rcc.o(.text.HAL_RCC_GetPCLK1Freq)
    [Anonymous Symbol]                       0x08001efc   Section        0  stm32f4xx_hal_rcc.o(.text.HAL_RCC_GetPCLK2Freq)
    [Anonymous Symbol]                       0x08001f24   Section        0  stm32f4xx_hal_rcc.o(.text.HAL_RCC_GetSysClockFreq)
    [Anonymous Symbol]                       0x08001f94   Section        0  stm32f4xx_hal_rcc.o(.text.HAL_RCC_OscConfig)
    [Anonymous Symbol]                       0x08002340   Section        0  stm32f4xx_hal_cortex.o(.text.HAL_SYSTICK_Config)
    [Anonymous Symbol]                       0x0800236c   Section        0  stm32f4xx_hal_tim_ex.o(.text.HAL_TIMEx_ConfigBreakDeadTime)
    [Anonymous Symbol]                       0x080023b8   Section        0  stm32f4xx_hal_tim_ex.o(.text.HAL_TIMEx_MasterConfigSynchronization)
    [Anonymous Symbol]                       0x0800244c   Section        0  stm32f4xx_hal_tim.o(.text.HAL_TIM_Base_Init)
    [Anonymous Symbol]                       0x080024a8   Section        0  stm32f4xx_hal_msp.o(.text.HAL_TIM_Base_MspInit)
    [Anonymous Symbol]                       0x08002508   Section        0  stm32f4xx_hal_tim.o(.text.HAL_TIM_ConfigClockSource)
    [Anonymous Symbol]                       0x080026a8   Section        0  stm32f4xx_hal_tim.o(.text.HAL_TIM_Encoder_Init)
    [Anonymous Symbol]                       0x0800275c   Section        0  stm32f4xx_hal_msp.o(.text.HAL_TIM_Encoder_MspInit)
    [Anonymous Symbol]                       0x0800280c   Section        0  stm32f4xx_hal_tim.o(.text.HAL_TIM_Encoder_Start)
    [Anonymous Symbol]                       0x080028c8   Section        0  stm32f4xx_hal_msp.o(.text.HAL_TIM_MspPostInit)
    [Anonymous Symbol]                       0x08002924   Section        0  stm32f4xx_hal_tim.o(.text.HAL_TIM_PWM_ConfigChannel)
    [Anonymous Symbol]                       0x08002b20   Section        0  stm32f4xx_hal_tim.o(.text.HAL_TIM_PWM_Init)
    [Anonymous Symbol]                       0x08002b7c   Section        0  stm32f4xx_hal_tim.o(.text.HAL_TIM_PWM_MspInit)
    [Anonymous Symbol]                       0x08002b80   Section        0  stm32f4xx_hal_tim.o(.text.HAL_TIM_PWM_Start)
    [Anonymous Symbol]                       0x08002c70   Section        0  stm32f4xx_hal_uart.o(.text.HAL_UART_Init)
    [Anonymous Symbol]                       0x08002cd0   Section        0  stm32f4xx_hal_msp.o(.text.HAL_UART_MspInit)
    [Anonymous Symbol]                       0x08002d58   Section        0  stm32f4xx_hal_uart.o(.text.HAL_UART_Receive_IT)
    [Anonymous Symbol]                       0x08002dac   Section        0  stm32f4xx_hal_uart.o(.text.HAL_UART_Transmit)
    [Anonymous Symbol]                       0x08002f40   Section        0  stm32f4xx_it.o(.text.HardFault_Handler)
    I2C_RequestMemoryRead                    0x08002f45   Thumb Code   274  stm32f4xx_hal_i2c.o(.text.I2C_RequestMemoryRead)
    [Anonymous Symbol]                       0x08002f44   Section        0  stm32f4xx_hal_i2c.o(.text.I2C_RequestMemoryRead)
    I2C_RequestMemoryWrite                   0x08003059   Thumb Code   200  stm32f4xx_hal_i2c.o(.text.I2C_RequestMemoryWrite)
    [Anonymous Symbol]                       0x08003058   Section        0  stm32f4xx_hal_i2c.o(.text.I2C_RequestMemoryWrite)
    I2C_WaitOnBTFFlagUntilTimeout            0x08003121   Thumb Code   186  stm32f4xx_hal_i2c.o(.text.I2C_WaitOnBTFFlagUntilTimeout)
    [Anonymous Symbol]                       0x08003120   Section        0  stm32f4xx_hal_i2c.o(.text.I2C_WaitOnBTFFlagUntilTimeout)
    I2C_WaitOnFlagUntilTimeout               0x080031dd   Thumb Code   458  stm32f4xx_hal_i2c.o(.text.I2C_WaitOnFlagUntilTimeout)
    [Anonymous Symbol]                       0x080031dc   Section        0  stm32f4xx_hal_i2c.o(.text.I2C_WaitOnFlagUntilTimeout)
    I2C_WaitOnMasterAddressFlagUntilTimeout  0x080033a9   Thumb Code   214  stm32f4xx_hal_i2c.o(.text.I2C_WaitOnMasterAddressFlagUntilTimeout)
    [Anonymous Symbol]                       0x080033a8   Section        0  stm32f4xx_hal_i2c.o(.text.I2C_WaitOnMasterAddressFlagUntilTimeout)
    I2C_WaitOnRXNEFlagUntilTimeout           0x08003481   Thumb Code   144  stm32f4xx_hal_i2c.o(.text.I2C_WaitOnRXNEFlagUntilTimeout)
    [Anonymous Symbol]                       0x08003480   Section        0  stm32f4xx_hal_i2c.o(.text.I2C_WaitOnRXNEFlagUntilTimeout)
    I2C_WaitOnTXEFlagUntilTimeout            0x08003511   Thumb Code   186  stm32f4xx_hal_i2c.o(.text.I2C_WaitOnTXEFlagUntilTimeout)
    [Anonymous Symbol]                       0x08003510   Section        0  stm32f4xx_hal_i2c.o(.text.I2C_WaitOnTXEFlagUntilTimeout)
    [Anonymous Symbol]                       0x080035cc   Section        0  mpu6500.o(.text.MPU6500_GetData)
    [Anonymous Symbol]                       0x080035d8   Section        0  mpu6500.o(.text.MPU6500_Init)
    [Anonymous Symbol]                       0x080036b8   Section        0  mpu6500.o(.text.MPU6500_Read_GyroZ)
    [Anonymous Symbol]                       0x08003738   Section        0  mpu6500.o(.text.MPU6500_ResetYaw)
    [Anonymous Symbol]                       0x08003748   Section        0  maze_solver.o(.text.Maze_ComputeFloodfill)
    [Anonymous Symbol]                       0x08003868   Section        0  maze_solver.o(.text.Maze_GetNextAction)
    [Anonymous Symbol]                       0x08004474   Section        0  maze_solver.o(.text.Maze_Init)
    [Anonymous Symbol]                       0x08004534   Section        0  maze_solver.o(.text.Maze_IsGoalReached)
    [Anonymous Symbol]                       0x08004558   Section        0  maze_solver.o(.text.Maze_LoadFromFlash)
    [Anonymous Symbol]                       0x08004818   Section        0  maze_solver.o(.text.Maze_SaveToFlash)
    [Anonymous Symbol]                       0x08004850   Section        0  maze_solver.o(.text.Maze_UpdatePosition)
    [Anonymous Symbol]                       0x080048d8   Section        0  maze_solver.o(.text.Maze_UpdateWalls)
    [Anonymous Symbol]                       0x08004a50   Section        0  stm32f4xx_it.o(.text.MemManage_Handler)
    [Anonymous Symbol]                       0x08004a54   Section        0  motion_controller.o(.text.Motion_Init)
    [Anonymous Symbol]                       0x08004ac0   Section        0  motion_controller.o(.text.Motion_IsFinished)
    [Anonymous Symbol]                       0x08004ad0   Section        0  motion_controller.o(.text.Motion_MoveForward)
    [Anonymous Symbol]                       0x08004b08   Section        0  motion_controller.o(.text.Motion_Rotate)
    [Anonymous Symbol]                       0x08004b44   Section        0  motion_controller.o(.text.Motion_Stop)
    [Anonymous Symbol]                       0x08004b5c   Section        0  motion_controller.o(.text.Motion_Update)
    [Anonymous Symbol]                       0x08004cfc   Section        0  stm32f4xx_it.o(.text.NMI_Handler)
    [Anonymous Symbol]                       0x08004d00   Section        0  pid.o(.text.PID_Compute)
    [Anonymous Symbol]                       0x08004da4   Section        0  pid.o(.text.PID_Init)
    [Anonymous Symbol]                       0x08004dc4   Section        0  pid.o(.text.PID_Reset)
    [Anonymous Symbol]                       0x08004dcc   Section        0  stm32f4xx_it.o(.text.PendSV_Handler)
    [Anonymous Symbol]                       0x08004dd0   Section        0  main.o(.text.Process_FSM)
    [Anonymous Symbol]                       0x08005018   Section        0  stm32f4xx_it.o(.text.SVC_Handler)
    [Anonymous Symbol]                       0x0800501c   Section        0  sensor_fusion.o(.text.SensorFusion_GetData)
    [Anonymous Symbol]                       0x08005028   Section        0  sensor_fusion.o(.text.SensorFusion_Init)
    [Anonymous Symbol]                       0x08005040   Section        0  sensor_fusion.o(.text.SensorFusion_ResetAngle)
    [Anonymous Symbol]                       0x08005050   Section        0  sensor_fusion.o(.text.SensorFusion_ResetEncoders)
    [Anonymous Symbol]                       0x08005060   Section        0  sensor_fusion.o(.text.SensorFusion_Update)
    [Anonymous Symbol]                       0x08005160   Section        0  stm32f4xx_it.o(.text.SysTick_Handler)
    [Anonymous Symbol]                       0x08005164   Section        0  main.o(.text.SystemClock_Config)
    [Anonymous Symbol]                       0x0800520c   Section        0  system_stm32f4xx.o(.text.SystemInit)
    [Anonymous Symbol]                       0x08005220   Section        0  tb6612fng.o(.text.TB6612_Init)
    [Anonymous Symbol]                       0x08005290   Section        0  tb6612fng.o(.text.TB6612_SetSpeed)
    [Anonymous Symbol]                       0x08005338   Section        0  stm32f4xx_hal_tim.o(.text.TIM_Base_SetConfig)
    UART_SetConfig                           0x08005439   Thumb Code   230  stm32f4xx_hal_uart.o(.text.UART_SetConfig)
    [Anonymous Symbol]                       0x08005438   Section        0  stm32f4xx_hal_uart.o(.text.UART_SetConfig)
    [Anonymous Symbol]                       0x08005520   Section        0  stm32f4xx_it.o(.text.UsageFault_Handler)
    [Anonymous Symbol]                       0x08005524   Section        0  vl53l0x.o(.text.VL53L0X_Init_All)
    [Anonymous Symbol]                       0x0800566c   Section        0  vl53l0x.o(.text.VL53L0X_Read_All)
    [Anonymous Symbol]                       0x0800576c   Section        0  bt_debug.o(.text.fputc)
    [Anonymous Symbol]                       0x08005790   Section        0  main.o(.text.main)
    i.__scatterload_copy                     0x08005cd8   Section       14  handlers.o(i.__scatterload_copy)
    i.__scatterload_null                     0x08005ce6   Section        2  handlers.o(i.__scatterload_null)
    i.__scatterload_zeroinit                 0x08005ce8   Section       14  handlers.o(i.__scatterload_zeroinit)
    i._is_digit                              0x08005cf6   Section        0  scanf_fp.o(i._is_digit)
    i.puts                                   0x08005d04   Section        0  puts.o(i.puts)
    .Lstr.11                                 0x08005d40   Data          36  main.o(.rodata.str1.1)
    [Anonymous Symbol]                       0x08005d40   Section        0  main.o(.rodata.str1.1)
    .Lstr                                    0x08005d64   Data          34  main.o(.rodata.str1.1)
    .Lstr.17                                 0x08005d86   Data          44  main.o(.rodata.str1.1)
    .Lstr.10                                 0x08005db2   Data          33  main.o(.rodata.str1.1)
    .data                                    0x20000000   Section        4  stdout.o(.data)
    .L_MergedGlobals                         0x20000004   Data           8  stm32f4xx_hal.o(.data..L_MergedGlobals)
    [Anonymous Symbol]                       0x20000004   Section        0  stm32f4xx_hal.o(.data..L_MergedGlobals)
    .L_MergedGlobals                         0x20000010   Data         108  main.o(.bss..L_MergedGlobals)
    Is_Button_Pressed.btn_last_state         0x20000010   Data           1  main.o(.bss..L_MergedGlobals)
    [Anonymous Symbol]                       0x20000010   Section        0  main.o(.bss..L_MergedGlobals)
    Process_FSM.next_action                  0x20000011   Data           1  main.o(.bss..L_MergedGlobals)
    current_sys_state                        0x20000012   Data           1  main.o(.bss..L_MergedGlobals)
    last_tick                                0x20000014   Data           4  main.o(.bss..L_MergedGlobals)
    last_button_tick                         0x20000018   Data           4  main.o(.bss..L_MergedGlobals)
    vl_sensor_data                           0x2000001c   Data           8  main.o(.bss..L_MergedGlobals)
    mpu_sensor_data                          0x20000024   Data          16  main.o(.bss..L_MergedGlobals)
    .L_MergedGlobals                         0x2000007c   Data          20  encoder.o(.bss..L_MergedGlobals)
    last_raw_l                               0x2000007c   Data           2  encoder.o(.bss..L_MergedGlobals)
    [Anonymous Symbol]                       0x2000007c   Section        0  encoder.o(.bss..L_MergedGlobals)
    last_raw_r                               0x2000007e   Data           2  encoder.o(.bss..L_MergedGlobals)
    tim_l                                    0x20000080   Data           4  encoder.o(.bss..L_MergedGlobals)
    tim_r                                    0x20000084   Data           4  encoder.o(.bss..L_MergedGlobals)
    total_cnt_l                              0x20000088   Data           4  encoder.o(.bss..L_MergedGlobals)
    total_cnt_r                              0x2000008c   Data           4  encoder.o(.bss..L_MergedGlobals)
    .L_MergedGlobals                         0x20000090   Data          20  mpu6500.o(.bss..L_MergedGlobals)
    mpu_i2c                                  0x20000090   Data           4  mpu6500.o(.bss..L_MergedGlobals)
    [Anonymous Symbol]                       0x20000090   Section        0  mpu6500.o(.bss..L_MergedGlobals)
    mpu_data                                 0x20000094   Data          16  mpu6500.o(.bss..L_MergedGlobals)
    .L_MergedGlobals                         0x200000a4   Data          20  sensor_fusion.o(.bss..L_MergedGlobals)
    prev_dist_l                              0x200000a4   Data           4  sensor_fusion.o(.bss..L_MergedGlobals)
    [Anonymous Symbol]                       0x200000a4   Section        0  sensor_fusion.o(.bss..L_MergedGlobals)
    prev_dist_r                              0x200000a8   Data           4  sensor_fusion.o(.bss..L_MergedGlobals)
    sf_data                                  0x200000ac   Data          12  sensor_fusion.o(.bss..L_MergedGlobals)
    .L_MergedGlobals                         0x200000b8   Data          80  motion_controller.o(.bss..L_MergedGlobals)
    current_state                            0x200000b8   Data           1  motion_controller.o(.bss..L_MergedGlobals)
    [Anonymous Symbol]                       0x200000b8   Section        0  motion_controller.o(.bss..L_MergedGlobals)
    is_finished                              0x200000b9   Data           1  motion_controller.o(.bss..L_MergedGlobals)
    target_distance                          0x200000bc   Data           4  motion_controller.o(.bss..L_MergedGlobals)
    target_angle                             0x200000c0   Data           4  motion_controller.o(.bss..L_MergedGlobals)
    rotate_start_tick                        0x200000c4   Data           4  motion_controller.o(.bss..L_MergedGlobals)
    pid_wall                                 0x200000c8   Data          32  motion_controller.o(.bss..L_MergedGlobals)
    pid_gyro                                 0x200000e8   Data          32  motion_controller.o(.bss..L_MergedGlobals)
    .L_MergedGlobals                         0x20000108   Data           3  maze_solver.o(.bss..L_MergedGlobals)
    robot.0                                  0x20000108   Data           1  maze_solver.o(.bss..L_MergedGlobals)
    [Anonymous Symbol]                       0x20000108   Section        0  maze_solver.o(.bss..L_MergedGlobals)
    robot.1                                  0x20000109   Data           1  maze_solver.o(.bss..L_MergedGlobals)
    robot.2                                  0x2000010a   Data           1  maze_solver.o(.bss..L_MergedGlobals)
    .L_MergedGlobals.3                       0x2000010c   Data          72  bt_debug.o(.bss..L_MergedGlobals.3)
    rx_data                                  0x2000010c   Data           1  bt_debug.o(.bss..L_MergedGlobals.3)
    [Anonymous Symbol]                       0x2000010c   Section        0  bt_debug.o(.bss..L_MergedGlobals.3)
    rx_index                                 0x2000010d   Data           1  bt_debug.o(.bss..L_MergedGlobals.3)
    bt_huart                                 0x20000110   Data           4  bt_debug.o(.bss..L_MergedGlobals.3)
    rx_buffer                                0x20000114   Data          64  bt_debug.o(.bss..L_MergedGlobals.3)
    dist_map                                 0x20000154   Data         256  maze_solver.o(.bss.dist_map)
    [Anonymous Symbol]                       0x20000154   Section        0  maze_solver.o(.bss.dist_map)
    maze                                     0x2000041c   Data         256  maze_solver.o(.bss.maze)
    [Anonymous Symbol]                       0x2000041c   Section        0  maze_solver.o(.bss.maze)
    pwmtim                                   0x2000053c   Data           4  tb6612fng.o(.bss.pwmtim)
    [Anonymous Symbol]                       0x2000053c   Section        0  tb6612fng.o(.bss.pwmtim)
    queue                                    0x20000540   Data         512  maze_solver.o(.bss.queue)
    [Anonymous Symbol]                       0x20000540   Section        0  maze_solver.o(.bss.queue)
    sensor_i2c                               0x20000740   Data           4  vl53l0x.o(.bss.sensor_i2c)
    [Anonymous Symbol]                       0x20000740   Section        0  vl53l0x.o(.bss.sensor_i2c)
    STACK                                    0x20000748   Section     1024  startup_stm32f411xe.o(STACK)

    Global Symbols

    Symbol Name                              Value     Ov Type        Size  Object(Section)

    BuildAttributes$$THM_ISAv4$E$P$D$K$B$S$7EM$VFPi3$EXTD16$VFPS$VFMA$PE$A:L22UL41UL21$X:L11$S22US41US21$IEEE1$IW$~IW$USESV6$~STKCKD$USESV7$~SHL$OTIME$ROPI$EBA8$MICROLIB$REQ8$PRES8$EABIv2 0x00000000   Number         0  anon$$obj.o ABSOLUTE
    _printf_a                                0x00000000   Number         0  printfstubs.o ABSOLUTE
    _printf_c                                0x00000000   Number         0  printfstubs.o ABSOLUTE
    _printf_charcount                        0x00000000   Number         0  printfstubs.o ABSOLUTE
    _printf_d                                0x00000000   Number         0  printfstubs.o ABSOLUTE
    _printf_e                                0x00000000   Number         0  printfstubs.o ABSOLUTE
    _printf_f                                0x00000000   Number         0  printfstubs.o ABSOLUTE
    _printf_flags                            0x00000000   Number         0  printfstubs.o ABSOLUTE
    _printf_fp_dec                           0x00000000   Number         0  printfstubs.o ABSOLUTE
    _printf_fp_hex                           0x00000000   Number         0  printfstubs.o ABSOLUTE
    _printf_g                                0x00000000   Number         0  printfstubs.o ABSOLUTE
    _printf_i                                0x00000000   Number         0  printfstubs.o ABSOLUTE
    _printf_int_dec                          0x00000000   Number         0  printfstubs.o ABSOLUTE
    _printf_l                                0x00000000   Number         0  printfstubs.o ABSOLUTE
    _printf_lc                               0x00000000   Number         0  printfstubs.o ABSOLUTE
    _printf_ll                               0x00000000   Number         0  printfstubs.o ABSOLUTE
    _printf_lld                              0x00000000   Number         0  printfstubs.o ABSOLUTE
    _printf_lli                              0x00000000   Number         0  printfstubs.o ABSOLUTE
    _printf_llo                              0x00000000   Number         0  printfstubs.o ABSOLUTE
    _printf_llu                              0x00000000   Number         0  printfstubs.o ABSOLUTE
    _printf_llx                              0x00000000   Number         0  printfstubs.o ABSOLUTE
    _printf_longlong_dec                     0x00000000   Number         0  printfstubs.o ABSOLUTE
    _printf_longlong_hex                     0x00000000   Number         0  printfstubs.o ABSOLUTE
    _printf_longlong_oct                     0x00000000   Number         0  printfstubs.o ABSOLUTE
    _printf_ls                               0x00000000   Number         0  printfstubs.o ABSOLUTE
    _printf_mbtowc                           0x00000000   Number         0  printfstubs.o ABSOLUTE
    _printf_n                                0x00000000   Number         0  printfstubs.o ABSOLUTE
    _printf_o                                0x00000000   Number         0  printfstubs.o ABSOLUTE
    _printf_p                                0x00000000   Number         0  printfstubs.o ABSOLUTE
    _printf_percent                          0x00000000   Number         0  printfstubs.o ABSOLUTE
    _printf_pre_padding                      0x00000000   Number         0  printfstubs.o ABSOLUTE
    _printf_return_value                     0x00000000   Number         0  printfstubs.o ABSOLUTE
    _printf_s                                0x00000000   Number         0  printfstubs.o ABSOLUTE
    _printf_sizespec                         0x00000000   Number         0  printfstubs.o ABSOLUTE
    _printf_str                              0x00000000   Number         0  printfstubs.o ABSOLUTE
    _printf_truncate_signed                  0x00000000   Number         0  printfstubs.o ABSOLUTE
    _printf_truncate_unsigned                0x00000000   Number         0  printfstubs.o ABSOLUTE
    _printf_u                                0x00000000   Number         0  printfstubs.o ABSOLUTE
    _printf_wc                               0x00000000   Number         0  printfstubs.o ABSOLUTE
    _printf_wctomb                           0x00000000   Number         0  printfstubs.o ABSOLUTE
    _printf_widthprec                        0x00000000   Number         0  printfstubs.o ABSOLUTE
    _printf_x                                0x00000000   Number         0  printfstubs.o ABSOLUTE
    __cpp_initialize__aeabi_                  - Undefined Weak Reference
    __cxa_finalize                            - Undefined Weak Reference
    __decompress                              - Undefined Weak Reference
    _clock_init                               - Undefined Weak Reference
    _microlib_exit                            - Undefined Weak Reference
    _scanf_int                                - Undefined Weak Reference
    _scanf_longlong                           - Undefined Weak Reference
    _scanf_string                             - Undefined Weak Reference
    __Vectors_Size                           0x00000198   Number         0  startup_stm32f411xe.o ABSOLUTE
    __Vectors                                0x08000000   Data           4  startup_stm32f411xe.o(RESET)
    __Vectors_End                            0x08000198   Data           0  startup_stm32f411xe.o(RESET)
    __main                                   0x08000199   Thumb Code     0  entry.o(.ARM.Collect$$$$00000000)
    _main_stk                                0x08000199   Thumb Code     0  entry2.o(.ARM.Collect$$$$00000001)
    _main_scatterload                        0x0800019d   Thumb Code     0  entry5.o(.ARM.Collect$$$$00000004)
    __main_after_scatterload                 0x080001a1   Thumb Code     0  entry5.o(.ARM.Collect$$$$00000004)
    _main_clock                              0x080001a1   Thumb Code     0  entry7b.o(.ARM.Collect$$$$00000008)
    _main_cpp_init                           0x080001a1   Thumb Code     0  entry8b.o(.ARM.Collect$$$$0000000A)
    _main_init                               0x080001a1   Thumb Code     0  entry9a.o(.ARM.Collect$$$$0000000B)
    __rt_final_cpp                           0x080001a9   Thumb Code     0  entry10a.o(.ARM.Collect$$$$0000000D)
    __rt_final_exit                          0x080001a9   Thumb Code     0  entry11a.o(.ARM.Collect$$$$0000000F)
    Reset_Handler                            0x080001ad   Thumb Code     8  startup_stm32f411xe.o(.text)
    ADC_IRQHandler                           0x080001c7   Thumb Code     0  startup_stm32f411xe.o(.text)
    DMA1_Stream0_IRQHandler                  0x080001c7   Thumb Code     0  startup_stm32f411xe.o(.text)
    DMA1_Stream1_IRQHandler                  0x080001c7   Thumb Code     0  startup_stm32f411xe.o(.text)
    DMA1_Stream2_IRQHandler                  0x080001c7   Thumb Code     0  startup_stm32f411xe.o(.text)
    DMA1_Stream3_IRQHandler                  0x080001c7   Thumb Code     0  startup_stm32f411xe.o(.text)
    DMA1_Stream4_IRQHandler                  0x080001c7   Thumb Code     0  startup_stm32f411xe.o(.text)
    DMA1_Stream5_IRQHandler                  0x080001c7   Thumb Code     0  startup_stm32f411xe.o(.text)
    DMA1_Stream6_IRQHandler                  0x080001c7   Thumb Code     0  startup_stm32f411xe.o(.text)
    DMA1_Stream7_IRQHandler                  0x080001c7   Thumb Code     0  startup_stm32f411xe.o(.text)
    DMA2_Stream0_IRQHandler                  0x080001c7   Thumb Code     0  startup_stm32f411xe.o(.text)
    DMA2_Stream1_IRQHandler                  0x080001c7   Thumb Code     0  startup_stm32f411xe.o(.text)
    DMA2_Stream2_IRQHandler                  0x080001c7   Thumb Code     0  startup_stm32f411xe.o(.text)
    DMA2_Stream3_IRQHandler                  0x080001c7   Thumb Code     0  startup_stm32f411xe.o(.text)
    DMA2_Stream4_IRQHandler                  0x080001c7   Thumb Code     0  startup_stm32f411xe.o(.text)
    DMA2_Stream5_IRQHandler                  0x080001c7   Thumb Code     0  startup_stm32f411xe.o(.text)
    DMA2_Stream6_IRQHandler                  0x080001c7   Thumb Code     0  startup_stm32f411xe.o(.text)
    DMA2_Stream7_IRQHandler                  0x080001c7   Thumb Code     0  startup_stm32f411xe.o(.text)
    EXTI0_IRQHandler                         0x080001c7   Thumb Code     0  startup_stm32f411xe.o(.text)
    EXTI15_10_IRQHandler                     0x080001c7   Thumb Code     0  startup_stm32f411xe.o(.text)
    EXTI1_IRQHandler                         0x080001c7   Thumb Code     0  startup_stm32f411xe.o(.text)
    EXTI2_IRQHandler                         0x080001c7   Thumb Code     0  startup_stm32f411xe.o(.text)
    EXTI3_IRQHandler                         0x080001c7   Thumb Code     0  startup_stm32f411xe.o(.text)
    EXTI4_IRQHandler                         0x080001c7   Thumb Code     0  startup_stm32f411xe.o(.text)
    EXTI9_5_IRQHandler                       0x080001c7   Thumb Code     0  startup_stm32f411xe.o(.text)
    FLASH_IRQHandler                         0x080001c7   Thumb Code     0  startup_stm32f411xe.o(.text)
    FPU_IRQHandler                           0x080001c7   Thumb Code     0  startup_stm32f411xe.o(.text)
    I2C1_ER_IRQHandler                       0x080001c7   Thumb Code     0  startup_stm32f411xe.o(.text)
    I2C1_EV_IRQHandler                       0x080001c7   Thumb Code     0  startup_stm32f411xe.o(.text)
    I2C2_ER_IRQHandler                       0x080001c7   Thumb Code     0  startup_stm32f411xe.o(.text)
    I2C2_EV_IRQHandler                       0x080001c7   Thumb Code     0  startup_stm32f411xe.o(.text)
    I2C3_ER_IRQHandler                       0x080001c7   Thumb Code     0  startup_stm32f411xe.o(.text)
    I2C3_EV_IRQHandler                       0x080001c7   Thumb Code     0  startup_stm32f411xe.o(.text)
    OTG_FS_IRQHandler                        0x080001c7   Thumb Code     0  startup_stm32f411xe.o(.text)
    OTG_FS_WKUP_IRQHandler                   0x080001c7   Thumb Code     0  startup_stm32f411xe.o(.text)
    PVD_IRQHandler                           0x080001c7   Thumb Code     0  startup_stm32f411xe.o(.text)
    RCC_IRQHandler                           0x080001c7   Thumb Code     0  startup_stm32f411xe.o(.text)
    RTC_Alarm_IRQHandler                     0x080001c7   Thumb Code     0  startup_stm32f411xe.o(.text)
    RTC_WKUP_IRQHandler                      0x080001c7   Thumb Code     0  startup_stm32f411xe.o(.text)
    SDIO_IRQHandler                          0x080001c7   Thumb Code     0  startup_stm32f411xe.o(.text)
    SPI1_IRQHandler                          0x080001c7   Thumb Code     0  startup_stm32f411xe.o(.text)
    SPI2_IRQHandler                          0x080001c7   Thumb Code     0  startup_stm32f411xe.o(.text)
    SPI3_IRQHandler                          0x080001c7   Thumb Code     0  startup_stm32f411xe.o(.text)
    SPI4_IRQHandler                          0x080001c7   Thumb Code     0  startup_stm32f411xe.o(.text)
    SPI5_IRQHandler                          0x080001c7   Thumb Code     0  startup_stm32f411xe.o(.text)
    TAMP_STAMP_IRQHandler                    0x080001c7   Thumb Code     0  startup_stm32f411xe.o(.text)
    TIM1_BRK_TIM9_IRQHandler                 0x080001c7   Thumb Code     0  startup_stm32f411xe.o(.text)
    TIM1_CC_IRQHandler                       0x080001c7   Thumb Code     0  startup_stm32f411xe.o(.text)
    TIM1_TRG_COM_TIM11_IRQHandler            0x080001c7   Thumb Code     0  startup_stm32f411xe.o(.text)
    TIM1_UP_TIM10_IRQHandler                 0x080001c7   Thumb Code     0  startup_stm32f411xe.o(.text)
    TIM2_IRQHandler                          0x080001c7   Thumb Code     0  startup_stm32f411xe.o(.text)
    TIM3_IRQHandler                          0x080001c7   Thumb Code     0  startup_stm32f411xe.o(.text)
    TIM4_IRQHandler                          0x080001c7   Thumb Code     0  startup_stm32f411xe.o(.text)
    TIM5_IRQHandler                          0x080001c7   Thumb Code     0  startup_stm32f411xe.o(.text)
    USART1_IRQHandler                        0x080001c7   Thumb Code     0  startup_stm32f411xe.o(.text)
    USART2_IRQHandler                        0x080001c7   Thumb Code     0  startup_stm32f411xe.o(.text)
    USART6_IRQHandler                        0x080001c7   Thumb Code     0  startup_stm32f411xe.o(.text)
    WWDG_IRQHandler                          0x080001c7   Thumb Code     0  startup_stm32f411xe.o(.text)
    __aeabi_uldivmod                         0x080001d1   Thumb Code    98  uldiv.o(.text)
    __aeabi_memcpy                           0x08000233   Thumb Code    36  memcpya.o(.text)
    __aeabi_memcpy4                          0x08000233   Thumb Code     0  memcpya.o(.text)
    __aeabi_memcpy8                          0x08000233   Thumb Code     0  memcpya.o(.text)
    __aeabi_memset                           0x08000257   Thumb Code    14  memseta.o(.text)
    __aeabi_memset4                          0x08000257   Thumb Code     0  memseta.o(.text)
    __aeabi_memset8                          0x08000257   Thumb Code     0  memseta.o(.text)
    __aeabi_memclr                           0x08000265   Thumb Code     4  memseta.o(.text)
    __aeabi_memclr4                          0x08000265   Thumb Code     0  memseta.o(.text)
    __aeabi_memclr8                          0x08000265   Thumb Code     0  memseta.o(.text)
    _memset$wrapper                          0x08000269   Thumb Code    18  memseta.o(.text)
    _scanf_real                              0x080003a5   Thumb Code     0  scanf_fp.o(.text)
    _scanf_really_real                       0x080003a5   Thumb Code   556  scanf_fp.o(.text)
    __aeabi_llsl                             0x080005dd   Thumb Code    30  llshl.o(.text)
    _ll_shift_l                              0x080005dd   Thumb Code     0  llshl.o(.text)
    __aeabi_llsr                             0x080005fb   Thumb Code    32  llushr.o(.text)
    _ll_ushift_r                             0x080005fb   Thumb Code     0  llushr.o(.text)
    __I$use$fp                               0x0800061b   Thumb Code     0  iusefp.o(.text)
    __aeabi_dmul                             0x0800061b   Thumb Code   228  dmul.o(.text)
    __aeabi_ddiv                             0x080006ff   Thumb Code   222  ddiv.o(.text)
    __aeabi_ul2d                             0x080007dd   Thumb Code    24  dfltul.o(.text)
    __aeabi_d2f                              0x080007f5   Thumb Code    56  d2f.o(.text)
    __scatterload                            0x0800082d   Thumb Code    38  init.o(.text)
    __scatterload_rt2                        0x0800082d   Thumb Code     0  init.o(.text)
    _float_round                             0x0800085d   Thumb Code    18  fepilogue.o(.text)
    _float_epilogue                          0x0800086f   Thumb Code    92  fepilogue.o(.text)
    _double_round                            0x080008cb   Thumb Code    30  depilogue.o(.text)
    _double_epilogue                         0x080008e9   Thumb Code   156  depilogue.o(.text)
    BT_Init_Rx                               0x08000985   Thumb Code    16  bt_debug.o(.text.BT_Init_Rx)
    BusFault_Handler                         0x08000995   Thumb Code     2  stm32f4xx_it.o(.text.BusFault_Handler)
    DebugMon_Handler                         0x08000999   Thumb Code     2  stm32f4xx_it.o(.text.DebugMon_Handler)
    Encoder_GetDistanceMM                    0x0800099d   Thumb Code    92  encoder.o(.text.Encoder_GetDistanceMM)
    Encoder_Init                             0x080009fd   Thumb Code    52  encoder.o(.text.Encoder_Init)
    Encoder_Reset                            0x08000a31   Thumb Code    32  encoder.o(.text.Encoder_Reset)
    FLASH_WaitForLastOperation               0x08000a51   Thumb Code   274  stm32f4xx_hal_flash.o(.text.FLASH_WaitForLastOperation)
    Flash_ReadData                           0x08000b65   Thumb Code   142  flash.o(.text.Flash_ReadData)
    Flash_SaveData                           0x08000bf5   Thumb Code   112  flash.o(.text.Flash_SaveData)
    HAL_Delay                                0x08000c65   Thumb Code    40  stm32f4xx_hal.o(.text.HAL_Delay)
    HAL_FLASHEx_Erase                        0x08000c8d   Thumb Code   394  stm32f4xx_hal_flash_ex.o(.text.HAL_FLASHEx_Erase)
    HAL_FLASH_Lock                           0x08000e19   Thumb Code    20  stm32f4xx_hal_flash.o(.text.HAL_FLASH_Lock)
    HAL_FLASH_Program                        0x08000e2d   Thumb Code   218  stm32f4xx_hal_flash.o(.text.HAL_FLASH_Program)
    HAL_FLASH_Unlock                         0x08000f09   Thumb Code    46  stm32f4xx_hal_flash.o(.text.HAL_FLASH_Unlock)
    HAL_GPIO_Init                            0x08000f39   Thumb Code   414  stm32f4xx_hal_gpio.o(.text.HAL_GPIO_Init)
    HAL_GPIO_ReadPin                         0x080010d9   Thumb Code    10  stm32f4xx_hal_gpio.o(.text.HAL_GPIO_ReadPin)
    HAL_GPIO_WritePin                        0x080010e5   Thumb Code    10  stm32f4xx_hal_gpio.o(.text.HAL_GPIO_WritePin)
    HAL_GetTick                              0x080010f1   Thumb Code    12  stm32f4xx_hal.o(.text.HAL_GetTick)
    HAL_I2C_Init                             0x080010fd   Thumb Code   356  stm32f4xx_hal_i2c.o(.text.HAL_I2C_Init)
    HAL_I2C_Master_Receive                   0x08001261   Thumb Code   796  stm32f4xx_hal_i2c.o(.text.HAL_I2C_Master_Receive)
    HAL_I2C_Master_Transmit                  0x0800157d   Thumb Code   476  stm32f4xx_hal_i2c.o(.text.HAL_I2C_Master_Transmit)
    HAL_I2C_Mem_Read                         0x08001759   Thumb Code   600  stm32f4xx_hal_i2c.o(.text.HAL_I2C_Mem_Read)
    HAL_I2C_Mem_Write                        0x080019b1   Thumb Code   348  stm32f4xx_hal_i2c.o(.text.HAL_I2C_Mem_Write)
    HAL_I2C_MspInit                          0x08001b0d   Thumb Code   244  stm32f4xx_hal_msp.o(.text.HAL_I2C_MspInit)
    HAL_IncTick                              0x08001c01   Thumb Code    26  stm32f4xx_hal.o(.text.HAL_IncTick)
    HAL_Init                                 0x08001c1d   Thumb Code    54  stm32f4xx_hal.o(.text.HAL_Init)
    HAL_InitTick                             0x08001c55   Thumb Code    72  stm32f4xx_hal.o(.text.HAL_InitTick)
    HAL_MspInit                              0x08001c9d   Thumb Code    56  stm32f4xx_hal_msp.o(.text.HAL_MspInit)
    HAL_NVIC_EnableIRQ                       0x08001cd5   Thumb Code    34  stm32f4xx_hal_cortex.o(.text.HAL_NVIC_EnableIRQ)
    HAL_NVIC_SetPriority                     0x08001cf9   Thumb Code    86  stm32f4xx_hal_cortex.o(.text.HAL_NVIC_SetPriority)
    HAL_NVIC_SetPriorityGrouping             0x08001d51   Thumb Code    32  stm32f4xx_hal_cortex.o(.text.HAL_NVIC_SetPriorityGrouping)
    HAL_RCC_ClockConfig                      0x08001d71   Thumb Code   356  stm32f4xx_hal_rcc.o(.text.HAL_RCC_ClockConfig)
    HAL_RCC_GetPCLK1Freq                     0x08001ed5   Thumb Code    38  stm32f4xx_hal_rcc.o(.text.HAL_RCC_GetPCLK1Freq)
    HAL_RCC_GetPCLK2Freq                     0x08001efd   Thumb Code    38  stm32f4xx_hal_rcc.o(.text.HAL_RCC_GetPCLK2Freq)
    HAL_RCC_GetSysClockFreq                  0x08001f25   Thumb Code   110  stm32f4xx_hal_rcc.o(.text.HAL_RCC_GetSysClockFreq)
    HAL_RCC_OscConfig                        0x08001f95   Thumb Code   940  stm32f4xx_hal_rcc.o(.text.HAL_RCC_OscConfig)
    HAL_SYSTICK_Config                       0x08002341   Thumb Code    44  stm32f4xx_hal_cortex.o(.text.HAL_SYSTICK_Config)
    HAL_TIMEx_ConfigBreakDeadTime            0x0800236d   Thumb Code    76  stm32f4xx_hal_tim_ex.o(.text.HAL_TIMEx_ConfigBreakDeadTime)
    HAL_TIMEx_MasterConfigSynchronization    0x080023b9   Thumb Code   148  stm32f4xx_hal_tim_ex.o(.text.HAL_TIMEx_MasterConfigSynchronization)
    HAL_TIM_Base_Init                        0x0800244d   Thumb Code    90  stm32f4xx_hal_tim.o(.text.HAL_TIM_Base_Init)
    HAL_TIM_Base_MspInit                     0x080024a9   Thumb Code    94  stm32f4xx_hal_msp.o(.text.HAL_TIM_Base_MspInit)
    HAL_TIM_ConfigClockSource                0x08002509   Thumb Code   416  stm32f4xx_hal_tim.o(.text.HAL_TIM_ConfigClockSource)
    HAL_TIM_Encoder_Init                     0x080026a9   Thumb Code   178  stm32f4xx_hal_tim.o(.text.HAL_TIM_Encoder_Init)
    HAL_TIM_Encoder_MspInit                  0x0800275d   Thumb Code   174  stm32f4xx_hal_msp.o(.text.HAL_TIM_Encoder_MspInit)
    HAL_TIM_Encoder_Start                    0x0800280d   Thumb Code   188  stm32f4xx_hal_tim.o(.text.HAL_TIM_Encoder_Start)
    HAL_TIM_MspPostInit                      0x080028c9   Thumb Code    92  stm32f4xx_hal_msp.o(.text.HAL_TIM_MspPostInit)
    HAL_TIM_PWM_ConfigChannel                0x08002925   Thumb Code   508  stm32f4xx_hal_tim.o(.text.HAL_TIM_PWM_ConfigChannel)
    HAL_TIM_PWM_Init                         0x08002b21   Thumb Code    90  stm32f4xx_hal_tim.o(.text.HAL_TIM_PWM_Init)
    HAL_TIM_PWM_MspInit                      0x08002b7d   Thumb Code     2  stm32f4xx_hal_tim.o(.text.HAL_TIM_PWM_MspInit)
    HAL_TIM_PWM_Start                        0x08002b81   Thumb Code   240  stm32f4xx_hal_tim.o(.text.HAL_TIM_PWM_Start)
    HAL_UART_Init                            0x08002c71   Thumb Code    96  stm32f4xx_hal_uart.o(.text.HAL_UART_Init)
    HAL_UART_MspInit                         0x08002cd1   Thumb Code   134  stm32f4xx_hal_msp.o(.text.HAL_UART_MspInit)
    HAL_UART_Receive_IT                      0x08002d59   Thumb Code    84  stm32f4xx_hal_uart.o(.text.HAL_UART_Receive_IT)
    HAL_UART_Transmit                        0x08002dad   Thumb Code   402  stm32f4xx_hal_uart.o(.text.HAL_UART_Transmit)
    HardFault_Handler                        0x08002f41   Thumb Code     2  stm32f4xx_it.o(.text.HardFault_Handler)
    MPU6500_GetData                          0x080035cd   Thumb Code    12  mpu6500.o(.text.MPU6500_GetData)
    MPU6500_Init                             0x080035d9   Thumb Code   216  mpu6500.o(.text.MPU6500_Init)
    MPU6500_Read_GyroZ                       0x080036b9   Thumb Code   124  mpu6500.o(.text.MPU6500_Read_GyroZ)
    MPU6500_ResetYaw                         0x08003739   Thumb Code    14  mpu6500.o(.text.MPU6500_ResetYaw)
    Maze_ComputeFloodfill                    0x08003749   Thumb Code   286  maze_solver.o(.text.Maze_ComputeFloodfill)
    Maze_GetNextAction                       0x08003869   Thumb Code  3084  maze_solver.o(.text.Maze_GetNextAction)
    Maze_Init                                0x08004475   Thumb Code   190  maze_solver.o(.text.Maze_Init)
    Maze_IsGoalReached                       0x08004535   Thumb Code    34  maze_solver.o(.text.Maze_IsGoalReached)
    Maze_LoadFromFlash                       0x08004559   Thumb Code   664  maze_solver.o(.text.Maze_LoadFromFlash)
    Maze_SaveToFlash                         0x08004819   Thumb Code    54  maze_solver.o(.text.Maze_SaveToFlash)
    Maze_UpdatePosition                      0x08004851   Thumb Code   136  maze_solver.o(.text.Maze_UpdatePosition)
    Maze_UpdateWalls                         0x080048d9   Thumb Code   376  maze_solver.o(.text.Maze_UpdateWalls)
    MemManage_Handler                        0x08004a51   Thumb Code     2  stm32f4xx_it.o(.text.MemManage_Handler)
    Motion_Init                              0x08004a55   Thumb Code    80  motion_controller.o(.text.Motion_Init)
    Motion_IsFinished                        0x08004ac1   Thumb Code    16  motion_controller.o(.text.Motion_IsFinished)
    Motion_MoveForward                       0x08004ad1   Thumb Code    54  motion_controller.o(.text.Motion_MoveForward)
    Motion_Rotate                            0x08004b09   Thumb Code    60  motion_controller.o(.text.Motion_Rotate)
    Motion_Stop                              0x08004b45   Thumb Code    24  motion_controller.o(.text.Motion_Stop)
    Motion_Update                            0x08004b5d   Thumb Code   396  motion_controller.o(.text.Motion_Update)
    NMI_Handler                              0x08004cfd   Thumb Code     2  stm32f4xx_it.o(.text.NMI_Handler)
    PID_Compute                              0x08004d01   Thumb Code   160  pid.o(.text.PID_Compute)
    PID_Init                                 0x08004da5   Thumb Code    32  pid.o(.text.PID_Init)
    PID_Reset                                0x08004dc5   Thumb Code     8  pid.o(.text.PID_Reset)
    PendSV_Handler                           0x08004dcd   Thumb Code     2  stm32f4xx_it.o(.text.PendSV_Handler)
    Process_FSM                              0x08004dd1   Thumb Code   440  main.o(.text.Process_FSM)
    SVC_Handler                              0x08005019   Thumb Code     2  stm32f4xx_it.o(.text.SVC_Handler)
    SensorFusion_GetData                     0x0800501d   Thumb Code    12  sensor_fusion.o(.text.SensorFusion_GetData)
    SensorFusion_Init                        0x08005029   Thumb Code    24  sensor_fusion.o(.text.SensorFusion_Init)
    SensorFusion_ResetAngle                  0x08005041   Thumb Code    16  sensor_fusion.o(.text.SensorFusion_ResetAngle)
    SensorFusion_ResetEncoders               0x08005051   Thumb Code    16  sensor_fusion.o(.text.SensorFusion_ResetEncoders)
    SensorFusion_Update                      0x08005061   Thumb Code   228  sensor_fusion.o(.text.SensorFusion_Update)
    SysTick_Handler                          0x08005161   Thumb Code     4  stm32f4xx_it.o(.text.SysTick_Handler)
    SystemClock_Config                       0x08005165   Thumb Code   168  main.o(.text.SystemClock_Config)
    SystemInit                               0x0800520d   Thumb Code    18  system_stm32f4xx.o(.text.SystemInit)
    TB6612_Init                              0x08005221   Thumb Code   110  tb6612fng.o(.text.TB6612_Init)
    TB6612_SetSpeed                          0x08005291   Thumb Code   166  tb6612fng.o(.text.TB6612_SetSpeed)
    TIM_Base_SetConfig                       0x08005339   Thumb Code   254  stm32f4xx_hal_tim.o(.text.TIM_Base_SetConfig)
    UsageFault_Handler                       0x08005521   Thumb Code     2  stm32f4xx_it.o(.text.UsageFault_Handler)
    VL53L0X_Init_All                         0x08005525   Thumb Code   326  vl53l0x.o(.text.VL53L0X_Init_All)
    VL53L0X_Read_All                         0x0800566d   Thumb Code   256  vl53l0x.o(.text.VL53L0X_Read_All)
    fputc                                    0x0800576d   Thumb Code    36  bt_debug.o(.text.fputc)
    main                                     0x08005791   Thumb Code  1220  main.o(.text.main)
    __scatterload_copy                       0x08005cd9   Thumb Code    14  handlers.o(i.__scatterload_copy)
    __scatterload_null                       0x08005ce7   Thumb Code     2  handlers.o(i.__scatterload_null)
    __scatterload_zeroinit                   0x08005ce9   Thumb Code    14  handlers.o(i.__scatterload_zeroinit)
    _is_digit                                0x08005cf7   Thumb Code    14  scanf_fp.o(i._is_digit)
    puts                                     0x08005d05   Thumb Code    30  puts.o(i.puts)
    AHBPrescTable                            0x08005d28   Data          16  system_stm32f4xx.o(.rodata.AHBPrescTable)
    APBPrescTable                            0x08005d38   Data           8  system_stm32f4xx.o(.rodata.APBPrescTable)
    Region$$Table$$Base                      0x08005dd4   Number         0  anon$$obj.o(Region$$Table)
    Region$$Table$$Limit                     0x08005df4   Number         0  anon$$obj.o(Region$$Table)
    __stdout                                 0x20000000   Data           4  stdout.o(.data)
    uwTickFreq                               0x20000004   Data           1  stm32f4xx_hal.o(.data..L_MergedGlobals)
    uwTickPrio                               0x20000008   Data           4  stm32f4xx_hal.o(.data..L_MergedGlobals)
    SystemCoreClock                          0x2000000c   Data           4  system_stm32f4xx.o(.data.SystemCoreClock)
    huart6                                   0x20000034   Data          72  main.o(.bss..L_MergedGlobals)
    hi2c1                                    0x20000254   Data          84  main.o(.bss.hi2c1)
    hi2c2                                    0x200002a8   Data          84  main.o(.bss.hi2c2)
    htim1                                    0x200002fc   Data          72  main.o(.bss.htim1)
    htim2                                    0x20000344   Data          72  main.o(.bss.htim2)
    htim3                                    0x2000038c   Data          72  main.o(.bss.htim3)
    htim5                                    0x200003d4   Data          72  main.o(.bss.htim5)
    pFlash                                   0x2000051c   Data          32  stm32f4xx_hal_flash.o(.bss.pFlash)
    uwTick                                   0x20000744   Data           4  stm32f4xx_hal.o(.bss.uwTick)
    __initial_sp                             0x20000b48   Data           0  startup_stm32f411xe.o(STACK)



==============================================================================

Memory Map of the image

  Image Entry point : 0x08000199

  Load Region LR_IROM1 (Base: 0x08000000, Size: 0x00005e08, Max: 0x00080000, ABSOLUTE)

    Execution Region ER_IROM1 (Exec base: 0x08000000, Load base: 0x08000000, Size: 0x00005df4, Max: 0x00080000, ABSOLUTE)

    Exec Addr    Load Addr    Size         Type   Attr      Idx    E Section Name        Object

    0x08000000   0x08000000   0x00000198   Data   RO            3    RESET               startup_stm32f411xe.o
    0x08000198   0x08000198   0x00000000   Code   RO         1289  * .ARM.Collect$$$$00000000  mc_w.l(entry.o)
    0x08000198   0x08000198   0x00000004   Code   RO         1573    .ARM.Collect$$$$00000001  mc_w.l(entry2.o)
    0x0800019c   0x0800019c   0x00000004   Code   RO         1576    .ARM.Collect$$$$00000004  mc_w.l(entry5.o)
    0x080001a0   0x080001a0   0x00000000   Code   RO         1578    .ARM.Collect$$$$00000008  mc_w.l(entry7b.o)
    0x080001a0   0x080001a0   0x00000000   Code   RO         1580    .ARM.Collect$$$$0000000A  mc_w.l(entry8b.o)
    0x080001a0   0x080001a0   0x00000008   Code   RO         1581    .ARM.Collect$$$$0000000B  mc_w.l(entry9a.o)
    0x080001a8   0x080001a8   0x00000000   Code   RO         1583    .ARM.Collect$$$$0000000D  mc_w.l(entry10a.o)
    0x080001a8   0x080001a8   0x00000000   Code   RO         1585    .ARM.Collect$$$$0000000F  mc_w.l(entry11a.o)
    0x080001a8   0x080001a8   0x00000004   Code   RO         1574    .ARM.Collect$$$$00002712  mc_w.l(entry2.o)
    0x080001ac   0x080001ac   0x00000024   Code   RO            4    .text               startup_stm32f411xe.o
    0x080001d0   0x080001d0   0x00000062   Code   RO         1296    .text               mc_w.l(uldiv.o)
    0x08000232   0x08000232   0x00000024   Code   RO         1298    .text               mc_w.l(memcpya.o)
    0x08000256   0x08000256   0x00000024   Code   RO         1300    .text               mc_w.l(memseta.o)
    0x0800027a   0x0800027a   0x00000002   PAD
    0x0800027c   0x0800027c   0x00000360   Code   RO         1567    .text               mc_w.l(scanf_fp.o)
    0x080005dc   0x080005dc   0x0000001e   Code   RO         1599    .text               mc_w.l(llshl.o)
    0x080005fa   0x080005fa   0x00000020   Code   RO         1601    .text               mc_w.l(llushr.o)
    0x0800061a   0x0800061a   0x00000000   Code   RO         1607    .text               mc_w.l(iusefp.o)
    0x0800061a   0x0800061a   0x000000e4   Code   RO         1610    .text               mf_w.l(dmul.o)
    0x080006fe   0x080006fe   0x000000de   Code   RO         1612    .text               mf_w.l(ddiv.o)
    0x080007dc   0x080007dc   0x00000018   Code   RO         1614    .text               mf_w.l(dfltul.o)
    0x080007f4   0x080007f4   0x00000038   Code   RO         1620    .text               mf_w.l(d2f.o)
    0x0800082c   0x0800082c   0x00000030   Code   RO         1622    .text               mc_w.l(init.o)
    0x0800085c   0x0800085c   0x0000006e   Code   RO         1630    .text               mf_w.l(fepilogue.o)
    0x080008ca   0x080008ca   0x000000ba   Code   RO         1632    .text               mf_w.l(depilogue.o)
    0x08000984   0x08000984   0x00000010   Code   RO         1144    .text.BT_Init_Rx    bt_debug.o
    0x08000994   0x08000994   0x00000002   Code   RO           44    .text.BusFault_Handler  stm32f4xx_it.o
    0x08000996   0x08000996   0x00000002   PAD
    0x08000998   0x08000998   0x00000002   Code   RO           50    .text.DebugMon_Handler  stm32f4xx_it.o
    0x0800099a   0x0800099a   0x00000002   PAD
    0x0800099c   0x0800099c   0x00000060   Code   RO         1131    .text.Encoder_GetDistanceMM  encoder.o
    0x080009fc   0x080009fc   0x00000034   Code   RO         1125    .text.Encoder_Init  encoder.o
    0x08000a30   0x08000a30   0x00000020   Code   RO         1127    .text.Encoder_Reset  encoder.o
    0x08000a50   0x08000a50   0x00000112   Code   RO          301    .text.FLASH_WaitForLastOperation  stm32f4xx_hal_flash.o
    0x08000b62   0x08000b62   0x00000002   PAD
    0x08000b64   0x08000b64   0x0000008e   Code   RO         1252    .text.Flash_ReadData  flash.o
    0x08000bf2   0x08000bf2   0x00000002   PAD
    0x08000bf4   0x08000bf4   0x00000070   Code   RO         1250    .text.Flash_SaveData  flash.o
    0x08000c64   0x08000c64   0x00000028   Code   RO          584    .text.HAL_Delay     stm32f4xx_hal.o
    0x08000c8c   0x08000c8c   0x0000018a   Code   RO          332    .text.HAL_FLASHEx_Erase  stm32f4xx_hal_flash_ex.o
    0x08000e16   0x08000e16   0x00000002   PAD
    0x08000e18   0x08000e18   0x00000014   Code   RO          313    .text.HAL_FLASH_Lock  stm32f4xx_hal_flash.o
    0x08000e2c   0x08000e2c   0x000000da   Code   RO          299    .text.HAL_FLASH_Program  stm32f4xx_hal_flash.o
    0x08000f06   0x08000f06   0x00000002   PAD
    0x08000f08   0x08000f08   0x0000002e   Code   RO          311    .text.HAL_FLASH_Unlock  stm32f4xx_hal_flash.o
    0x08000f36   0x08000f36   0x00000002   PAD
    0x08000f38   0x08000f38   0x0000019e   Code   RO          375    .text.HAL_GPIO_Init  stm32f4xx_hal_gpio.o
    0x080010d6   0x080010d6   0x00000002   PAD
    0x080010d8   0x080010d8   0x0000000a   Code   RO          379    .text.HAL_GPIO_ReadPin  stm32f4xx_hal_gpio.o
    0x080010e2   0x080010e2   0x00000002   PAD
    0x080010e4   0x080010e4   0x0000000a   Code   RO          381    .text.HAL_GPIO_WritePin  stm32f4xx_hal_gpio.o
    0x080010ee   0x080010ee   0x00000002   PAD
    0x080010f0   0x080010f0   0x0000000c   Code   RO          576    .text.HAL_GetTick   stm32f4xx_hal.o
    0x080010fc   0x080010fc   0x00000164   Code   RO           91    .text.HAL_I2C_Init  stm32f4xx_hal_i2c.o
    0x08001260   0x08001260   0x0000031c   Code   RO          107    .text.HAL_I2C_Master_Receive  stm32f4xx_hal_i2c.o
    0x0800157c   0x0800157c   0x000001dc   Code   RO           99    .text.HAL_I2C_Master_Transmit  stm32f4xx_hal_i2c.o
    0x08001758   0x08001758   0x00000258   Code   RO          139    .text.HAL_I2C_Mem_Read  stm32f4xx_hal_i2c.o
    0x080019b0   0x080019b0   0x0000015c   Code   RO          135    .text.HAL_I2C_Mem_Write  stm32f4xx_hal_i2c.o
    0x08001b0c   0x08001b0c   0x000000f4   Code   RO           65    .text.HAL_I2C_MspInit  stm32f4xx_hal_msp.o
    0x08001c00   0x08001c00   0x0000001a   Code   RO          574    .text.HAL_IncTick   stm32f4xx_hal.o
    0x08001c1a   0x08001c1a   0x00000002   PAD
    0x08001c1c   0x08001c1c   0x00000036   Code   RO          564    .text.HAL_Init      stm32f4xx_hal.o
    0x08001c52   0x08001c52   0x00000002   PAD
    0x08001c54   0x08001c54   0x00000048   Code   RO          566    .text.HAL_InitTick  stm32f4xx_hal.o
    0x08001c9c   0x08001c9c   0x00000038   Code   RO           63    .text.HAL_MspInit   stm32f4xx_hal_msp.o
    0x08001cd4   0x08001cd4   0x00000022   Code   RO          520    .text.HAL_NVIC_EnableIRQ  stm32f4xx_hal_cortex.o
    0x08001cf6   0x08001cf6   0x00000002   PAD
    0x08001cf8   0x08001cf8   0x00000056   Code   RO          518    .text.HAL_NVIC_SetPriority  stm32f4xx_hal_cortex.o
    0x08001d4e   0x08001d4e   0x00000002   PAD
    0x08001d50   0x08001d50   0x00000020   Code   RO          516    .text.HAL_NVIC_SetPriorityGrouping  stm32f4xx_hal_cortex.o
    0x08001d70   0x08001d70   0x00000164   Code   RO          245    .text.HAL_RCC_ClockConfig  stm32f4xx_hal_rcc.o
    0x08001ed4   0x08001ed4   0x00000026   Code   RO          257    .text.HAL_RCC_GetPCLK1Freq  stm32f4xx_hal_rcc.o
    0x08001efa   0x08001efa   0x00000002   PAD
    0x08001efc   0x08001efc   0x00000026   Code   RO          259    .text.HAL_RCC_GetPCLK2Freq  stm32f4xx_hal_rcc.o
    0x08001f22   0x08001f22   0x00000002   PAD
    0x08001f24   0x08001f24   0x0000006e   Code   RO          247    .text.HAL_RCC_GetSysClockFreq  stm32f4xx_hal_rcc.o
    0x08001f92   0x08001f92   0x00000002   PAD
    0x08001f94   0x08001f94   0x000003ac   Code   RO          243    .text.HAL_RCC_OscConfig  stm32f4xx_hal_rcc.o
    0x08002340   0x08002340   0x0000002c   Code   RO          528    .text.HAL_SYSTICK_Config  stm32f4xx_hal_cortex.o
    0x0800236c   0x0800236c   0x0000004c   Code   RO          951    .text.HAL_TIMEx_ConfigBreakDeadTime  stm32f4xx_hal_tim_ex.o
    0x080023b8   0x080023b8   0x00000094   Code   RO          949    .text.HAL_TIMEx_MasterConfigSynchronization  stm32f4xx_hal_tim_ex.o
    0x0800244c   0x0800244c   0x0000005a   Code   RO          654    .text.HAL_TIM_Base_Init  stm32f4xx_hal_tim.o
    0x080024a6   0x080024a6   0x00000002   PAD
    0x080024a8   0x080024a8   0x0000005e   Code   RO           69    .text.HAL_TIM_Base_MspInit  stm32f4xx_hal_msp.o
    0x08002506   0x08002506   0x00000002   PAD
    0x08002508   0x08002508   0x000001a0   Code   RO          834    .text.HAL_TIM_ConfigClockSource  stm32f4xx_hal_tim.o
    0x080026a8   0x080026a8   0x000000b2   Code   RO          768    .text.HAL_TIM_Encoder_Init  stm32f4xx_hal_tim.o
    0x0800275a   0x0800275a   0x00000002   PAD
    0x0800275c   0x0800275c   0x000000ae   Code   RO           71    .text.HAL_TIM_Encoder_MspInit  stm32f4xx_hal_msp.o
    0x0800280a   0x0800280a   0x00000002   PAD
    0x0800280c   0x0800280c   0x000000bc   Code   RO          776    .text.HAL_TIM_Encoder_Start  stm32f4xx_hal_tim.o
    0x080028c8   0x080028c8   0x0000005c   Code   RO           73    .text.HAL_TIM_MspPostInit  stm32f4xx_hal_msp.o
    0x08002924   0x08002924   0x000001fc   Code   RO          808    .text.HAL_TIM_PWM_ConfigChannel  stm32f4xx_hal_tim.o
    0x08002b20   0x08002b20   0x0000005a   Code   RO          708    .text.HAL_TIM_PWM_Init  stm32f4xx_hal_tim.o
    0x08002b7a   0x08002b7a   0x00000002   PAD
    0x08002b7c   0x08002b7c   0x00000002   Code   RO          710    .text.HAL_TIM_PWM_MspInit  stm32f4xx_hal_tim.o
    0x08002b7e   0x08002b7e   0x00000002   PAD
    0x08002b80   0x08002b80   0x000000f0   Code   RO          716    .text.HAL_TIM_PWM_Start  stm32f4xx_hal_tim.o
    0x08002c70   0x08002c70   0x00000060   Code   RO          973    .text.HAL_UART_Init  stm32f4xx_hal_uart.o
    0x08002cd0   0x08002cd0   0x00000086   Code   RO           79    .text.HAL_UART_MspInit  stm32f4xx_hal_msp.o
    0x08002d56   0x08002d56   0x00000002   PAD
    0x08002d58   0x08002d58   0x00000054   Code   RO          995    .text.HAL_UART_Receive_IT  stm32f4xx_hal_uart.o
    0x08002dac   0x08002dac   0x00000192   Code   RO          989    .text.HAL_UART_Transmit  stm32f4xx_hal_uart.o
    0x08002f3e   0x08002f3e   0x00000002   PAD
    0x08002f40   0x08002f40   0x00000002   Code   RO           40    .text.HardFault_Handler  stm32f4xx_it.o
    0x08002f42   0x08002f42   0x00000002   PAD
    0x08002f44   0x08002f44   0x00000112   Code   RO          141    .text.I2C_RequestMemoryRead  stm32f4xx_hal_i2c.o
    0x08003056   0x08003056   0x00000002   PAD
    0x08003058   0x08003058   0x000000c8   Code   RO          137    .text.I2C_RequestMemoryWrite  stm32f4xx_hal_i2c.o
    0x08003120   0x08003120   0x000000ba   Code   RO          105    .text.I2C_WaitOnBTFFlagUntilTimeout  stm32f4xx_hal_i2c.o
    0x080031da   0x080031da   0x00000002   PAD
    0x080031dc   0x080031dc   0x000001ca   Code   RO          101    .text.I2C_WaitOnFlagUntilTimeout  stm32f4xx_hal_i2c.o
    0x080033a6   0x080033a6   0x00000002   PAD
    0x080033a8   0x080033a8   0x000000d6   Code   RO          219    .text.I2C_WaitOnMasterAddressFlagUntilTimeout  stm32f4xx_hal_i2c.o
    0x0800347e   0x0800347e   0x00000002   PAD
    0x08003480   0x08003480   0x00000090   Code   RO          109    .text.I2C_WaitOnRXNEFlagUntilTimeout  stm32f4xx_hal_i2c.o
    0x08003510   0x08003510   0x000000ba   Code   RO          103    .text.I2C_WaitOnTXEFlagUntilTimeout  stm32f4xx_hal_i2c.o
    0x080035ca   0x080035ca   0x00000002   PAD
    0x080035cc   0x080035cc   0x0000000c   Code   RO         1181    .text.MPU6500_GetData  mpu6500.o
    0x080035d8   0x080035d8   0x000000e0   Code   RO         1175    .text.MPU6500_Init  mpu6500.o
    0x080036b8   0x080036b8   0x00000080   Code   RO         1179    .text.MPU6500_Read_GyroZ  mpu6500.o
    0x08003738   0x08003738   0x0000000e   Code   RO         1183    .text.MPU6500_ResetYaw  mpu6500.o
    0x08003746   0x08003746   0x00000002   PAD
    0x08003748   0x08003748   0x0000011e   Code   RO         1264    .text.Maze_ComputeFloodfill  maze_solver.o
    0x08003866   0x08003866   0x00000002   PAD
    0x08003868   0x08003868   0x00000c0c   Code   RO         1268    .text.Maze_GetNextAction  maze_solver.o
    0x08004474   0x08004474   0x000000be   Code   RO         1262    .text.Maze_Init     maze_solver.o
    0x08004532   0x08004532   0x00000002   PAD
    0x08004534   0x08004534   0x00000022   Code   RO         1272    .text.Maze_IsGoalReached  maze_solver.o
    0x08004556   0x08004556   0x00000002   PAD
    0x08004558   0x08004558   0x000002c0   Code   RO         1276    .text.Maze_LoadFromFlash  maze_solver.o
    0x08004818   0x08004818   0x00000036   Code   RO         1274    .text.Maze_SaveToFlash  maze_solver.o
    0x0800484e   0x0800484e   0x00000002   PAD
    0x08004850   0x08004850   0x00000088   Code   RO         1270    .text.Maze_UpdatePosition  maze_solver.o
    0x080048d8   0x080048d8   0x00000178   Code   RO         1266    .text.Maze_UpdateWalls  maze_solver.o
    0x08004a50   0x08004a50   0x00000002   Code   RO           42    .text.MemManage_Handler  stm32f4xx_it.o
    0x08004a52   0x08004a52   0x00000002   PAD
    0x08004a54   0x08004a54   0x0000006c   Code   RO         1213    .text.Motion_Init   motion_controller.o
    0x08004ac0   0x08004ac0   0x00000010   Code   RO         1221    .text.Motion_IsFinished  motion_controller.o
    0x08004ad0   0x08004ad0   0x00000036   Code   RO         1217    .text.Motion_MoveForward  motion_controller.o
    0x08004b06   0x08004b06   0x00000002   PAD
    0x08004b08   0x08004b08   0x0000003c   Code   RO         1219    .text.Motion_Rotate  motion_controller.o
    0x08004b44   0x08004b44   0x00000018   Code   RO         1215    .text.Motion_Stop   motion_controller.o
    0x08004b5c   0x08004b5c   0x000001a0   Code   RO         1223    .text.Motion_Update  motion_controller.o
    0x08004cfc   0x08004cfc   0x00000002   Code   RO           38    .text.NMI_Handler   stm32f4xx_it.o
    0x08004cfe   0x08004cfe   0x00000002   PAD
    0x08004d00   0x08004d00   0x000000a4   Code   RO         1238    .text.PID_Compute   pid.o
    0x08004da4   0x08004da4   0x00000020   Code   RO         1234    .text.PID_Init      pid.o
    0x08004dc4   0x08004dc4   0x00000008   Code   RO         1236    .text.PID_Reset     pid.o
    0x08004dcc   0x08004dcc   0x00000002   Code   RO           52    .text.PendSV_Handler  stm32f4xx_it.o
    0x08004dce   0x08004dce   0x00000002   PAD
    0x08004dd0   0x08004dd0   0x00000248   Code   RO           15    .text.Process_FSM   main.o
    0x08005018   0x08005018   0x00000002   Code   RO           48    .text.SVC_Handler   stm32f4xx_it.o
    0x0800501a   0x0800501a   0x00000002   PAD
    0x0800501c   0x0800501c   0x0000000c   Code   RO         1200    .text.SensorFusion_GetData  sensor_fusion.o
    0x08005028   0x08005028   0x00000018   Code   RO         1194    .text.SensorFusion_Init  sensor_fusion.o
    0x08005040   0x08005040   0x00000010   Code   RO         1202    .text.SensorFusion_ResetAngle  sensor_fusion.o
    0x08005050   0x08005050   0x00000010   Code   RO         1196    .text.SensorFusion_ResetEncoders  sensor_fusion.o
    0x08005060   0x08005060   0x00000100   Code   RO         1198    .text.SensorFusion_Update  sensor_fusion.o
    0x08005160   0x08005160   0x00000004   Code   RO           54    .text.SysTick_Handler  stm32f4xx_it.o
    0x08005164   0x08005164   0x000000a8   Code   RO           13    .text.SystemClock_Config  main.o
    0x0800520c   0x0800520c   0x00000012   Code   RO         1095    .text.SystemInit    system_stm32f4xx.o
    0x0800521e   0x0800521e   0x00000002   PAD
    0x08005220   0x08005220   0x0000006e   Code   RO         1110    .text.TB6612_Init   tb6612fng.o
    0x0800528e   0x0800528e   0x00000002   PAD
    0x08005290   0x08005290   0x000000a6   Code   RO         1114    .text.TB6612_SetSpeed  tb6612fng.o
    0x08005336   0x08005336   0x00000002   PAD
    0x08005338   0x08005338   0x000000fe   Code   RO          658    .text.TIM_Base_SetConfig  stm32f4xx_hal_tim.o
    0x08005436   0x08005436   0x00000002   PAD
    0x08005438   0x08005438   0x000000e6   Code   RO          977    .text.UART_SetConfig  stm32f4xx_hal_uart.o
    0x0800551e   0x0800551e   0x00000002   PAD
    0x08005520   0x08005520   0x00000002   Code   RO           46    .text.UsageFault_Handler  stm32f4xx_it.o
    0x08005522   0x08005522   0x00000002   PAD
    0x08005524   0x08005524   0x00000146   Code   RO         1162    .text.VL53L0X_Init_All  vl53l0x.o
    0x0800566a   0x0800566a   0x00000002   PAD
    0x0800566c   0x0800566c   0x00000100   Code   RO         1164    .text.VL53L0X_Read_All  vl53l0x.o
    0x0800576c   0x0800576c   0x00000024   Code   RO         1146    .text.fputc         bt_debug.o
    0x08005790   0x08005790   0x00000548   Code   RO           11    .text.main          main.o
    0x08005cd8   0x08005cd8   0x0000000e   Code   RO         1639    i.__scatterload_copy  mc_w.l(handlers.o)
    0x08005ce6   0x08005ce6   0x00000002   Code   RO         1640    i.__scatterload_null  mc_w.l(handlers.o)
    0x08005ce8   0x08005ce8   0x0000000e   Code   RO         1641    i.__scatterload_zeroinit  mc_w.l(handlers.o)
    0x08005cf6   0x08005cf6   0x0000000e   Code   RO         1569    i._is_digit         mc_w.l(scanf_fp.o)
    0x08005d04   0x08005d04   0x00000024   Code   RO         1292    i.puts              mc_w.l(puts.o)
    0x08005d28   0x08005d28   0x00000010   Data   RO         1100    .rodata.AHBPrescTable  system_stm32f4xx.o
    0x08005d38   0x08005d38   0x00000008   Data   RO         1101    .rodata.APBPrescTable  system_stm32f4xx.o
    0x08005d40   0x08005d40   0x00000093   Data   RO           27    .rodata.str1.1      main.o
    0x08005dd3   0x08005dd3   0x00000001   PAD
    0x08005dd4   0x08005dd4   0x00000020   Data   RO         1638    Region$$Table       anon$$obj.o


    Execution Region RW_IRAM1 (Exec base: 0x20000000, Load base: 0x08005df8, Size: 0x00000b48, Max: 0x00020000, ABSOLUTE)

    Exec Addr    Load Addr    Size         Type   Attr      Idx    E Section Name        Object

    0x20000000   0x08005df8   0x00000004   Data   RW         1587    .data               mc_w.l(stdout.o)
    0x20000004   0x08005dfc   0x00000008   Data   RW          619    .data..L_MergedGlobals  stm32f4xx_hal.o
    0x2000000c   0x08005e04   0x00000004   Data   RW         1099    .data.SystemCoreClock  system_stm32f4xx.o
    0x20000010        -       0x0000006c   Zero   RW           29    .bss..L_MergedGlobals  main.o
    0x2000007c        -       0x00000014   Zero   RW         1133    .bss..L_MergedGlobals  encoder.o
    0x20000090        -       0x00000014   Zero   RW         1185    .bss..L_MergedGlobals  mpu6500.o
    0x200000a4        -       0x00000014   Zero   RW         1204    .bss..L_MergedGlobals  sensor_fusion.o
    0x200000b8        -       0x00000050   Zero   RW         1225    .bss..L_MergedGlobals  motion_controller.o
    0x20000108        -       0x00000003   Zero   RW         1281    .bss..L_MergedGlobals  maze_solver.o
    0x2000010b   0x08005e08   0x00000001   PAD
    0x2000010c        -       0x00000048   Zero   RW         1153    .bss..L_MergedGlobals.3  bt_debug.o
    0x20000154        -       0x00000100   Zero   RW         1279    .bss.dist_map       maze_solver.o
    0x20000254        -       0x00000054   Zero   RW           24    .bss.hi2c1          main.o
    0x200002a8        -       0x00000054   Zero   RW           25    .bss.hi2c2          main.o
    0x200002fc        -       0x00000048   Zero   RW           23    .bss.htim1          main.o
    0x20000344        -       0x00000048   Zero   RW           21    .bss.htim2          main.o
    0x2000038c        -       0x00000048   Zero   RW           22    .bss.htim3          main.o
    0x200003d4        -       0x00000048   Zero   RW           26    .bss.htim5          main.o
    0x2000041c        -       0x00000100   Zero   RW         1278    .bss.maze           maze_solver.o
    0x2000051c        -       0x00000020   Zero   RW          323    .bss.pFlash         stm32f4xx_hal_flash.o
    0x2000053c        -       0x00000004   Zero   RW         1116    .bss.pwmtim         tb6612fng.o
    0x20000540        -       0x00000200   Zero   RW         1280    .bss.queue          maze_solver.o
    0x20000740        -       0x00000004   Zero   RW         1166    .bss.sensor_i2c     vl53l0x.o
    0x20000744        -       0x00000004   Zero   RW          618    .bss.uwTick         stm32f4xx_hal.o
    0x20000748        -       0x00000400   Zero   RW            1    STACK               startup_stm32f411xe.o


==============================================================================

Image component sizes


      Code (inc. data)   RO Data    RW Data    ZI Data      Debug   Object Name

        52          0          0          0         72       4836   bt_debug.o
       180          4          0          0         20       5339   encoder.o
       254          0          0          0          0       2313   flash.o
      2104        290        147          0        564      16220   main.o
      4864        254          0          0       1027      17630   maze_solver.o
       678         48          0          0         80       3522   motion_controller.o
       378         12          0          0         20       5611   mpu6500.o
       204          4          0          0          0       1744   pid.o
       324         28          0          0         20       2434   sensor_fusion.o
        36          8        408          0       1024        820   startup_stm32f411xe.o
       204          0          0          8          4       6868   stm32f4xx_hal.o
       196          0          0          0          0      10019   stm32f4xx_hal_cortex.o
       558          0          0          0         32       5537   stm32f4xx_hal_flash.o
       394          0          0          0          0       7067   stm32f4xx_hal_flash_ex.o
       434          0          0          0          0       5468   stm32f4xx_hal_gpio.o
      4238          0          0          0          0      44591   stm32f4xx_hal_i2c.o
       794          0          0          0          0      11249   stm32f4xx_hal_msp.o
      1482          4          0          0          0       7586   stm32f4xx_hal_rcc.o
      1966          6          0          0          0      57779   stm32f4xx_hal_tim.o
       224          0          0          0          0      21626   stm32f4xx_hal_tim_ex.o
       812          0          0          0          0      32655   stm32f4xx_hal_uart.o
        20          0          0          0          0       1138   stm32f4xx_it.o
        18          0         24          4          0       2757   system_stm32f4xx.o
       276          0          0          0          4       5009   tb6612fng.o
       582          0          0          0          4       6003   vl53l0x.o

    ----------------------------------------------------------------------
     21368        658        612         12       2872     285821   Object Totals
         0          0         32          0          0          0   (incl. Generated)
        96          0          1          0          1          0   (incl. Padding)

    ----------------------------------------------------------------------

      Code (inc. data)   RO Data    RW Data    ZI Data      Debug   Library Member Name

         0          0          0          0          0          0   entry.o
         0          0          0          0          0          0   entry10a.o
         0          0          0          0          0          0   entry11a.o
         8          4          0          0          0          0   entry2.o
         4          0          0          0          0          0   entry5.o
         0          0          0          0          0          0   entry7b.o
         0          0          0          0          0          0   entry8b.o
         8          4          0          0          0          0   entry9a.o
        30          0          0          0          0          0   handlers.o
        48         10          0          0          0         68   init.o
         0          0          0          0          0          0   iusefp.o
        30          0          0          0          0         68   llshl.o
        32          0          0          0          0         68   llushr.o
        36          0          0          0          0         68   memcpya.o
        36          0          0          0          0        108   memseta.o
        36          6          0          0          0         80   puts.o
       878         12          0          0          0        216   scanf_fp.o
         0          0          0          4          0          0   stdout.o
        98          0          0          0          0         92   uldiv.o
        56          0          0          0          0         88   d2f.o
       222          0          0          0          0        100   ddiv.o
       186          0          0          0          0        176   depilogue.o
        24          0          0          0          0         76   dfltul.o
       228          0          0          0          0         96   dmul.o
       110          0          0          0          0        168   fepilogue.o

    ----------------------------------------------------------------------
      2072         36          0          4          0       1472   Library Totals
         2          0          0          0          0          0   (incl. Padding)

    ----------------------------------------------------------------------

      Code (inc. data)   RO Data    RW Data    ZI Data      Debug   Library Name

      1244         36          0          4          0        768   mc_w.l
       826          0          0          0          0        704   mf_w.l

    ----------------------------------------------------------------------
      2072         36          0          4          0       1472   Library Totals

    ----------------------------------------------------------------------

==============================================================================


      Code (inc. data)   RO Data    RW Data    ZI Data      Debug   

     23440        694        612         16       2872     286361   Grand Totals
     23440        694        612         16       2872     286361   ELF Image Totals
     23440        694        612         16          0          0   ROM Totals

==============================================================================

    Total RO  Size (Code + RO Data)                24052 (  23.49kB)
    Total RW  Size (RW Data + ZI Data)              2888 (   2.82kB)
    Total ROM Size (Code + RO Data + RW Data)      24068 (  23.50kB)

==============================================================================

